GAMS 42.1.0  cb854401 Feb 1, 2023           WEX-WEI x86 64bit/MS Windows - 02/04/23 21:23:21 Page 1
G e n e r a l   A l g e b r a i c   M o d e l i n g   S y s t e m
C o m p i l a t i o n


   1  * Phase 2 of OR2 Prject
   2  * Author: Mohsen Hosseini
   3   
   4  * first we define the indices
   5  sets
   6  t years /0, 1, 2, 3/
   7  d(t) years that the workforce is not given /1, 2, 3/
   8  s skills /Unskilled, Semi-skilled, Skilled/
   9  e experience level /New, Experienced/
  10  param indice for the fixed values /fixed/
  11   
  12  ;
  13   
  14  Parameter demand_table(t,s)
GDXIN   D:\University\Semester 7\Operation Research 2\Project\Answer\Phase2-answer\Pahse2_Data_OR2.gdx
--- LOAD  demand_table = 1:demand_table
  18  ;
  19   
  20  Parameter churn_table(e,s)
GDXIN   D:\University\Semester 7\Operation Research 2\Project\Answer\Phase2-answer\Pahse2_Data_OR2.gdx
--- LOAD  churn_table = 1:churn_table
  24  ;
  25   
  26   
  27  Parameter hiring_limit(s)
GDXIN   D:\University\Semester 7\Operation Research 2\Project\Answer\Phase2-answer\Pahse2_Data_OR2.gdx
--- LOAD  hiring_limit = 1:hiring_limit
  31  ;
  32   
  33  Parameter training_limit(param)
GDXIN   D:\University\Semester 7\Operation Research 2\Project\Answer\Phase2-answer\Pahse2_Data_OR2.gdx
--- LOAD  training_limit = 1:training_limit
  37  ;
  38   
  39  Parameter training_theshold(param)
GDXIN   D:\University\Semester 7\Operation Research 2\Project\Answer\Phase2-answer\Pahse2_Data_OR2.gdx
--- LOAD  training_theshold = 1:training_theshold
  43  ;
  44   
  45  Parameter over_hiring_cost(s)
GDXIN   D:\University\Semester 7\Operation Research 2\Project\Answer\Phase2-answer\Pahse2_Data_OR2.gdx
--- LOAD  over_hiring_cost = 1:over_hiring_cost
  49  ;
  50   
  51  Parameter overhiring_limit(param)
GDXIN   D:\University\Semester 7\Operation Research 2\Project\Answer\Phase2-answer\Pahse2_Data_OR2.gdx
--- LOAD  overhiring_limit = 1:overhiring_limit
  55  ;
  56   
  57  Parameter parttime_cost(s)
GDXIN   D:\University\Semester 7\Operation Research 2\Project\Answer\Phase2-answer\Pahse2_Data_OR2.gdx
--- LOAD  parttime_cost = 1:parttime_cost
  61  ;
  62   
  63  Parameter parttime_limit(param)
GDXIN   D:\University\Semester 7\Operation Research 2\Project\Answer\Phase2-answer\Pahse2_Data_OR2.gdx
--- LOAD  parttime_limit = 1:parttime_limit
  67  ;
  68   
  69  variables
  70  H(t, s) hiring for skill s at year t
  71   
  72  P(t, s) parttime for skill s at year t
  73  L(t, s) lay off for skill s at year t
  74  O(t, s) over-hire for skill s at year t
  75   
  76  Train(t, s, s) training from skill s1 to skill s2 at year t
  77  Demote(t, s, s) demoting from skill s1 to skill s2 at year t
  78   
  79  W(t ,s) workforce for skill s at year t
  80   
  81  Z_first total lay offs at all years for all skills
  82  Z_second total cost
  83  ;
  84   
  85  positive Variable H;
  86  positive Variable P;
  87  positive Variable L;
  88  positive Variable O;
  89   
  90  positive Variable Train;
  91  positive Variable Demote;
  92   
  93  positive Variable W;
  94   
  95  Equations
  96   
  97  Workforce_constraint(t, s) limit for workforce for skill s at year t (1.4.1)
  98  Workforce_given(t, s) limit for given workforce for skill s at year 0 (1.4.1)
  99   
 100  State_variable_unskilled(t, s) state of workforce for skill s at year t (1.4.2)
 101  State_variable_semiskilled(t, s) state of workforce for skill s at year t (1.4.2)
 102  State_variable_skilled(t, s) state of workforce for skill s at year t (1.4.2)
 103   
 104  Hiring_constraint_normal(t, s) limit for hiring for skill s at year t (1.4.3)
 105  Hiring_constraint_over(t) limit for pver hiring at year t (1.4.3)
 106  Hiring_constraint_part(t) limit for part time hiring at year t (1.4.3)
 107   
 108  layoff_constraint(t, s) limit for layoff for skill s at year t (1.4.4)
 109   
 110  training_constraint_unskilled_limit(t, s, s) training limit for training from unslikked to semi-skilled at year t (1.4.5)
 111  training_constraint_unskilled_workforce(t, s, s) workforce limit for training from unslikked to semi-skilled at year t (1.4.5)
 112   
 113  training_constraint_semiskilled_limit(t, s, s) training limit for training from semiskilled to skilled at year t (1.4.5)
 114  training_constraint_semiskilled_workforce(t, s, s) workforce limit for training from semiskilled to skilled at year t (1.4.5)
 115   
 116   
 117  demote_constraint_semiskilled(t, s, s) limit for demote from semiskikk at year t (1.4.6)
 118  demote_constraint_skilled(t, s, s) limit for demote from skilled at year t (1.4.6)
 119   
 120  layoff objective function of the first part
 121  * Cost objective function of the second part
 122  ;
 123   
 124  * workforce
 125  * for years 1 to 3 we should have the requested workforce
 126  Workforce_constraint(t, s) .. W(t, s)- 0.5* P(t, s) =g= demand_table(t, s)$(d(t));
 127   
 128  * for year 0 the workforce is given so we use the equal
 129  Workforce_given(t, s) .. W(t, s) =e= demand_table(t, s)$(not d(t));
 130   
 131   
 132  * state variebles
 133  * we need to define these for t>0
 134  *unskilled workers
 135  State_variable_unskilled(t, 'Unskilled').. W(t, 'Unskilled')=e=
 136      (
 137      W(t-1, 'Unskilled')+ [H(t-1, 'Unskilled')+ O(t-1, 'Unskilled')]
 138      -[L(t-1, 'Unskilled')+ 0.01* churn_table('New', 'Unskilled')* (H(t-1, 'Unskilled')+ O(t-1, 'Unskilled'))+ 0.01* churn_table('Experienced', 'Unskilled')* (W(t-1, 'Unskilled'))]
 139      +[0.5*Demote(t-1, 'Semi-skilled', 'Unskilled')+ 0.5*Demote(t-1, 'Skilled', 'Unskilled')- Train(t-1, 'Unskilled', 'Semi-skilled')]
 140      )$ (d(t))
 141  ;
 142   
 143  * semiskilled workers
 144  State_variable_semiskilled(t, 'Semi-skilled').. W(t, 'Semi-skilled')=e=
 145      (
 146      W(t-1, 'Semi-skilled')+ [H(t-1, 'Semi-skilled')+ O(t-1, 'Semi-skilled')]
 147      -[L(t-1, 'Semi-skilled')+ 0.01* churn_table('New', 'Semi-skilled')* (H(t-1, 'Semi-skilled')+ O(t-1, 'Semi-skilled'))+ 0.01* churn_table('Experienced', 'Semi-skilled')* (W(t-1, 'Semi-skilled'))]
 148      +[0.5*Demote(t-1, 'Skilled', 'Semi-skilled')- Demote(t-1, 'Semi-skilled', 'Unskilled')+ Train(t-1, 'Unskilled', 'Semi-skilled')- Train(t-1, 'Semi-skilled', 'Skilled')]
 149      )$ (d(t))
 150  ;
 151   
 152  * skilled workers
 153  State_variable_skilled(t, 'Skilled').. W(t, 'Skilled')=e=
 154      (
 155      W(t-1, 'Skilled')+ [H(t-1, 'Skilled')+ O(t-1, 'Skilled')]
 156      -[L(t-1, 'Skilled')+ 0.01* churn_table('New', 'Skilled')* (H(t-1, 'Skilled')+ O(t-1, 'Skilled'))+ 0.01* churn_table('Experienced', 'Skilled')* (W(t-1, 'Skilled'))]
 157      +[-Demote(t-1, 'Skilled', 'Semi-skilled')- Demote(t-1, 'Skilled', 'Unskilled')+ Train(t-1, 'Semi-skilled', 'Skilled')]
 158      )$ (d(t))
 159  ;
 160   
 161  * hiring constraint
 162  * normal
 163  Hiring_constraint_normal(t, s).. H(t, s)=l= hiring_limit(s);
 164   
 165  * over
 166  Hiring_constraint_over(t).. sum(s, O(t, s))=l= overhiring_limit('fixed');
 167   
 168  * part
 169  Hiring_constraint_part(t).. sum(s, P(t, s))=l= parttime_limit('fixed');
 170   
 171  * lay off constraint
 172  layoff_constraint(t, s).. L(t, s)=l= W(t, s);
 173   
 174   
 175   
 176  * Training constraints
 177  training_constraint_unskilled_limit(t, s, s).. Train(t, 'Unskilled', 'Semi-skilled')=l= training_limit('fixed');
 178  training_constraint_unskilled_workforce(t, s, s).. Train(t, 'Unskilled', 'Semi-skilled')=l= W(t, 'Unskilled');
 179   
 180  training_constraint_semiskilled_limit(t, s, s).. Train(t, 'Semi-skilled', 'Skilled')=l= training_theshold('fixed')* W(t, 'Skilled');
 181  training_constraint_semiskilled_workforce(t, s, s).. Train(t, 'Semi-skilled', 'Skilled')=l= W(t, 'Semi-skilled')+ Train(t, 'Unskilled', 'Semi-skilled');
 182   
 183  * demotion constraints
 184  demote_constraint_semiskilled(t, s, s).. Demote(t, 'Semi-skilled', 'Unskilled')=l= W(t, 'Semi-skilled');
 185  demote_constraint_skilled(t, s, s).. Demote(t, 'Skilled', 'Semi-skilled')+ Demote(t, 'Skilled', 'Unskilled')=l= W(t, 'Skilled');
 186   
 187   
 188   
 189  * lay off ogjective for the first part
 190  layoff.. Z_first=e= sum((t, s), L(t, s));
 191   
 192  model testmodel /
 193   
 194  *    Workforce_given,
 195      Workforce_constraint,
 196   
 197      State_variable_unskilled,
 198      State_variable_semiskilled,
 199      State_variable_skilled,
 200   
 201      demote_constraint_semiskilled,
 202      demote_constraint_skilled,
 203      training_constraint_semiskilled_limit,
 204      training_constraint_semiskilled_workforce,
 205      training_constraint_unskilled_limit,
 206      training_constraint_unskilled_workforce,
 207   
 208  *    Hiring_constraint_normal,
 209      Hiring_constraint_part,
 210      Hiring_constraint_over,
 211      layoff_constraint,
 212   
 213      layoff
 214   
 215  /
 216   
 217  *   Workforce_given,
 218   
 219   
 220   
 221   
 222  ;
 223  solve testmodel using lp minimizing Z_first;
 224   
 225  display demand_table;
 226  display churn_table;
 227  display hiring_limit;
 228  display training_limit;
 229  display training_theshold;
 230  display overhiring_limit;
 231  display parttime_limit;
 232   
 233   
 234  W.l(t, s)$ (W.l(t, s) eq 0)= eps;
 235  display W.l;
 236   
 237  H.l(t, s)$ (H.l(t, s) eq 0)= eps;
 238  display H.l;
 239   
 240  O.l(t, s)$ (O.l(t, s) eq 0)= eps;
 241  display O.l;
 242   
 243  L.l(t, s)$ (L.l(t, s) eq 0)= eps
 244  display L.l;
 245   
 246  Train.l(t, s, s)$ (Train.l(t, s, s) eq 0)= eps;
 247  display Train.l;
 248   
 249  Demote.l(t, s, s)$ (Demote.l(t, s, s) eq 0)= eps;
 250  display Demote.l;
 251   
 252  P.l(t, s)$ (P.l(t, s) eq 0)= eps;
 253  display P.l;
 254   
 255  execute_unload "Pahse2_Data_OR2.gdx" W.l, H.l, p.l, L.l, O.l, Train.l, Demote.l;
 256  execute 'gdxxrw.exe Pahse2_Data_OR2.gdx var=W.l rng=Results!B2';
 257  execute 'gdxxrw.exe Pahse2_Data_OR2.gdx var=H.l rng=Results!B8';
 258  execute 'gdxxrw.exe Pahse2_Data_OR2.gdx var=p.l rng=Results!B14';
 259  execute 'gdxxrw.exe Pahse2_Data_OR2.gdx var=L.l rng=Results!B20';
 260  execute 'gdxxrw.exe Pahse2_Data_OR2.gdx var=O.l rng=Results!B26';
 261  execute 'gdxxrw.exe Pahse2_Data_OR2.gdx var=Train.l rng=Results!B32';
 262  execute 'gdxxrw.exe Pahse2_Data_OR2.gdx var=Demote.l rng=Results!B50';
 263   
 264   
 265   
 266   
GAMS 42.1.0  cb854401 Feb 1, 2023           WEX-WEI x86 64bit/MS Windows - 02/04/23 21:23:21 Page 2
G e n e r a l   A l g e b r a i c   M o d e l i n g   S y s t e m
Include File Summary


   SEQ   GLOBAL TYPE      PARENT   LOCAL  FILENAME

     1        1 INPUT          0       0  D:\University\Semester 7\Operation Research 2\Project\Answer\Phase2-answer\new1.gms
     2       15 CALL           1      15  gdxxrw.exe Pahse2_Data_OR2.xlsx par=demand_table rng=D!B2:E6 rdim=1 cdim=1
     3       16 GDXIN          1      16  D:\University\Semester 7\Operation Research 2\Project\Answer\Phase2-answer\Pahse2_Data_OR2.gdx
     4       21 CALL           1      21  gdxxrw.exe Pahse2_Data_OR2.xlsx par=churn_table rng=W!B2:E4 rdim=1 cdim=1
     5       22 GDXIN          1      22  D:\University\Semester 7\Operation Research 2\Project\Answer\Phase2-answer\Pahse2_Data_OR2.gdx
     6       28 CALL           1      28  gdxxrw.exe Pahse2_Data_OR2.xlsx par=hiring_limit rng=R!C2:E3 cdim=1
     7       29 GDXIN          1      29  D:\University\Semester 7\Operation Research 2\Project\Answer\Phase2-answer\Pahse2_Data_OR2.gdx
     8       34 CALL           1      34  gdxxrw.exe Pahse2_Data_OR2.xlsx par=training_limit rng=T!D4 cdim=1
     9       35 GDXIN          1      35  D:\University\Semester 7\Operation Research 2\Project\Answer\Phase2-answer\Pahse2_Data_OR2.gdx
    10       40 CALL           1      40  gdxxrw.exe Pahse2_Data_OR2.xlsx par=training_theshold rng=T!D7 cdim=1
    11       41 GDXIN          1      41  D:\University\Semester 7\Operation Research 2\Project\Answer\Phase2-answer\Pahse2_Data_OR2.gdx
    12       46 CALL           1      46  gdxxrw.exe Pahse2_Data_OR2.xlsx par=over_hiring_cost rng=O!C2:E3 cdim=1
    13       47 GDXIN          1      47  D:\University\Semester 7\Operation Research 2\Project\Answer\Phase2-answer\Pahse2_Data_OR2.gdx
    14       52 CALL           1      52  gdxxrw.exe Pahse2_Data_OR2.xlsx par=overhiring_limit rng=O!B5 cdim=1
    15       53 GDXIN          1      53  D:\University\Semester 7\Operation Research 2\Project\Answer\Phase2-answer\Pahse2_Data_OR2.gdx
    16       58 CALL           1      58  gdxxrw.exe Pahse2_Data_OR2.xlsx par=parttime_cost rng=S!C2:E3 cdim=1
    17       59 GDXIN          1      59  D:\University\Semester 7\Operation Research 2\Project\Answer\Phase2-answer\Pahse2_Data_OR2.gdx
    18       64 CALL           1      64  gdxxrw.exe Pahse2_Data_OR2.xlsx par=parttime_limit rng=S!B5 cdim=1
    19       65 GDXIN          1      65  D:\University\Semester 7\Operation Research 2\Project\Answer\Phase2-answer\Pahse2_Data_OR2.gdx


COMPILATION TIME     =        5.234 SECONDS      3 MB  42.1.0 cb854401 WEX-WEI
GAMS 42.1.0  cb854401 Feb 1, 2023           WEX-WEI x86 64bit/MS Windows - 02/04/23 21:23:21 Page 3
G e n e r a l   A l g e b r a i c   M o d e l i n g   S y s t e m
Equation Listing    SOLVE testmodel Using LP From line 223


---- Workforce_constraint  =G=  limit for workforce for skill s at year t (1.4.1)

Workforce_constraint(0,Unskilled)..  - 0.5*P(0,Unskilled) + W(0,Unskilled) =G= 0 ; (LHS = 0)
     
Workforce_constraint(0,Semi-skilled)..  - 0.5*P(0,Semi-skilled) + W(0,Semi-skilled) =G= 0 ; (LHS = 0)
     
Workforce_constraint(0,Skilled)..  - 0.5*P(0,Skilled) + W(0,Skilled) =G= 0 ; (LHS = 0)
     
REMAINING 9 ENTRIES SKIPPED


---- State_variable_unskilled  =E=  state of workforce for skill s at year t (1.4.2)

State_variable_unskilled(0,Unskilled)..  W(0,Unskilled) =E= 0 ; (LHS = 0)
     
State_variable_unskilled(1,Unskilled)..  - 0.75*H(0,Unskilled) + L(0,Unskilled) - 0.75*O(0,Unskilled) + Train(0,Unskilled,Semi-skilled) - 0.5*Demote(0,Semi-skilled,Unskilled) - 0.5*Demote(0,Skilled,Unskilled) - 0.9*W(0,Unskilled) + W(1,Unskilled) =E= 0 ; (LHS = 0)
     
State_variable_unskilled(2,Unskilled)..  - 0.75*H(1,Unskilled) + L(1,Unskilled) - 0.75*O(1,Unskilled) + Train(1,Unskilled,Semi-skilled) - 0.5*Demote(1,Semi-skilled,Unskilled) - 0.5*Demote(1,Skilled,Unskilled) - 0.9*W(1,Unskilled) + W(2,Unskilled) =E= 0 ; (LHS = 0)
     
REMAINING ENTRY SKIPPED


---- State_variable_semiskilled  =E=  state of workforce for skill s at year t (1.4.2)

State_variable_semiskilled(0,Semi-skilled)..  W(0,Semi-skilled) =E= 0 ; (LHS = 0)
     
State_variable_semiskilled(1,Semi-skilled)..  - 0.8*H(0,Semi-skilled) + L(0,Semi-skilled) - 0.8*O(0,Semi-skilled) - Train(0,Unskilled,Semi-skilled) + Train(0,Semi-skilled,Skilled) + Demote(0,Semi-skilled,Unskilled) - 0.5*Demote(0,Skilled,Semi-skilled) - 0.95*W(0,Semi-skilled) + W(1,Semi-skilled) =E= 0 ; (LHS = 0)
     
State_variable_semiskilled(2,Semi-skilled)..  - 0.8*H(1,Semi-skilled) + L(1,Semi-skilled) - 0.8*O(1,Semi-skilled) - Train(1,Unskilled,Semi-skilled) + Train(1,Semi-skilled,Skilled) + Demote(1,Semi-skilled,Unskilled) - 0.5*Demote(1,Skilled,Semi-skilled) - 0.95*W(1,Semi-skilled) + W(2,Semi-skilled) =E= 0 ; (LHS = 0)
     
REMAINING ENTRY SKIPPED


---- State_variable_skilled  =E=  state of workforce for skill s at year t (1.4.2)

State_variable_skilled(0,Skilled)..  W(0,Skilled) =E= 0 ; (LHS = 0)
     
State_variable_skilled(1,Skilled)..  - 0.9*H(0,Skilled) + L(0,Skilled) - 0.9*O(0,Skilled) - Train(0,Semi-skilled,Skilled) + Demote(0,Skilled,Unskilled) + Demote(0,Skilled,Semi-skilled) - 0.95*W(0,Skilled) + W(1,Skilled) =E= 0 ; (LHS = 0)
     
State_variable_skilled(2,Skilled)..  - 0.9*H(1,Skilled) + L(1,Skilled) - 0.9*O(1,Skilled) - Train(1,Semi-skilled,Skilled) + Demote(1,Skilled,Unskilled) + Demote(1,Skilled,Semi-skilled) - 0.95*W(1,Skilled) + W(2,Skilled) =E= 0 ; (LHS = 0)
     
REMAINING ENTRY SKIPPED


---- demote_constraint_semiskilled  =L=  limit for demote from semiskikk at year t (1.4.6)

demote_constraint_semiskilled(0,Unskilled,Unskilled)..  Demote(0,Semi-skilled,Unskilled) - W(0,Semi-skilled) =L= 0 ; (LHS = 0)
     
demote_constraint_semiskilled(0,Semi-skilled,Semi-skilled)..  Demote(0,Semi-skilled,Unskilled) - W(0,Semi-skilled) =L= 0 ; (LHS = 0)
     
demote_constraint_semiskilled(0,Skilled,Skilled)..  Demote(0,Semi-skilled,Unskilled) - W(0,Semi-skilled) =L= 0 ; (LHS = 0)
     
REMAINING 9 ENTRIES SKIPPED


---- demote_constraint_skilled  =L=  limit for demote from skilled at year t (1.4.6)

demote_constraint_skilled(0,Unskilled,Unskilled)..  Demote(0,Skilled,Unskilled) + Demote(0,Skilled,Semi-skilled) - W(0,Skilled) =L= 0 ; (LHS = 0)
     
demote_constraint_skilled(0,Semi-skilled,Semi-skilled)..  Demote(0,Skilled,Unskilled) + Demote(0,Skilled,Semi-skilled) - W(0,Skilled) =L= 0 ; (LHS = 0)
     
demote_constraint_skilled(0,Skilled,Skilled)..  Demote(0,Skilled,Unskilled) + Demote(0,Skilled,Semi-skilled) - W(0,Skilled) =L= 0 ; (LHS = 0)
     
REMAINING 9 ENTRIES SKIPPED


---- training_constraint_semiskilled_limit  =L=  training limit for training from semiskilled to skilled at year t (1.4.5)

training_constraint_semiskilled_limit(0,Unskilled,Unskilled)..  Train(0,Semi-skilled,Skilled) - 0.25*W(0,Skilled) =L= 0 ; (LHS = 0)
     
training_constraint_semiskilled_limit(0,Semi-skilled,Semi-skilled)..  Train(0,Semi-skilled,Skilled) - 0.25*W(0,Skilled) =L= 0 ; (LHS = 0)
     
training_constraint_semiskilled_limit(0,Skilled,Skilled)..  Train(0,Semi-skilled,Skilled) - 0.25*W(0,Skilled) =L= 0 ; (LHS = 0)
     
REMAINING 9 ENTRIES SKIPPED


---- training_constraint_semiskilled_workforce  =L=  workforce limit for training from semiskilled to skilled at year t (1.4.5)

training_constraint_semiskilled_workforce(0,Unskilled,Unskilled)..  - Train(0,Unskilled,Semi-skilled) + Train(0,Semi-skilled,Skilled) - W(0,Semi-skilled) =L= 0 ; (LHS = 0)
     
training_constraint_semiskilled_workforce(0,Semi-skilled,Semi-skilled)..  - Train(0,Unskilled,Semi-skilled) + Train(0,Semi-skilled,Skilled) - W(0,Semi-skilled) =L= 0 ; (LHS = 0)
     
training_constraint_semiskilled_workforce(0,Skilled,Skilled)..  - Train(0,Unskilled,Semi-skilled) + Train(0,Semi-skilled,Skilled) - W(0,Semi-skilled) =L= 0 ; (LHS = 0)
     
REMAINING 9 ENTRIES SKIPPED


---- training_constraint_unskilled_limit  =L=  training limit for training from unslikked to semi-skilled at year t (1.4.5)

training_constraint_unskilled_limit(0,Unskilled,Unskilled)..  Train(0,Unskilled,Semi-skilled) =L= 200 ; (LHS = 0)
     
training_constraint_unskilled_limit(0,Semi-skilled,Semi-skilled)..  Train(0,Unskilled,Semi-skilled) =L= 200 ; (LHS = 0)
     
training_constraint_unskilled_limit(0,Skilled,Skilled)..  Train(0,Unskilled,Semi-skilled) =L= 200 ; (LHS = 0)
     
REMAINING 9 ENTRIES SKIPPED


---- training_constraint_unskilled_workforce  =L=  workforce limit for training from unslikked to semi-skilled at year t (1.4.5)

training_constraint_unskilled_workforce(0,Unskilled,Unskilled)..  Train(0,Unskilled,Semi-skilled) - W(0,Unskilled) =L= 0 ; (LHS = 0)
     
training_constraint_unskilled_workforce(0,Semi-skilled,Semi-skilled)..  Train(0,Unskilled,Semi-skilled) - W(0,Unskilled) =L= 0 ; (LHS = 0)
     
training_constraint_unskilled_workforce(0,Skilled,Skilled)..  Train(0,Unskilled,Semi-skilled) - W(0,Unskilled) =L= 0 ; (LHS = 0)
     
REMAINING 9 ENTRIES SKIPPED


---- Hiring_constraint_part  =L=  limit for part time hiring at year t (1.4.3)

Hiring_constraint_part(0)..  P(0,Unskilled) + P(0,Semi-skilled) + P(0,Skilled) =L= 50 ; (LHS = 0)
     
Hiring_constraint_part(1)..  P(1,Unskilled) + P(1,Semi-skilled) + P(1,Skilled) =L= 50 ; (LHS = 0)
     
Hiring_constraint_part(2)..  P(2,Unskilled) + P(2,Semi-skilled) + P(2,Skilled) =L= 50 ; (LHS = 0)
     
REMAINING ENTRY SKIPPED


---- Hiring_constraint_over  =L=  limit for pver hiring at year t (1.4.3)

Hiring_constraint_over(0)..  O(0,Unskilled) + O(0,Semi-skilled) + O(0,Skilled) =L= 150 ; (LHS = 0)
     
Hiring_constraint_over(1)..  O(1,Unskilled) + O(1,Semi-skilled) + O(1,Skilled) =L= 150 ; (LHS = 0)
     
Hiring_constraint_over(2)..  O(2,Unskilled) + O(2,Semi-skilled) + O(2,Skilled) =L= 150 ; (LHS = 0)
     
REMAINING ENTRY SKIPPED


---- layoff_constraint  =L=  limit for layoff for skill s at year t (1.4.4)

layoff_constraint(0,Unskilled)..  L(0,Unskilled) - W(0,Unskilled) =L= 0 ; (LHS = 0)
     
layoff_constraint(0,Semi-skilled)..  L(0,Semi-skilled) - W(0,Semi-skilled) =L= 0 ; (LHS = 0)
     
layoff_constraint(0,Skilled)..  L(0,Skilled) - W(0,Skilled) =L= 0 ; (LHS = 0)
     
REMAINING 9 ENTRIES SKIPPED


---- layoff  =E=  objective function of the first part

layoff..  - L(0,Unskilled) - L(0,Semi-skilled) - L(0,Skilled) - L(1,Unskilled) - L(1,Semi-skilled) - L(1,Skilled) - L(2,Unskilled) - L(2,Semi-skilled) - L(2,Skilled) - L(3,Unskilled) - L(3,Semi-skilled) - L(3,Skilled) + Z_first =E= 0 ; (LHS = 0)
     
GAMS 42.1.0  cb854401 Feb 1, 2023           WEX-WEI x86 64bit/MS Windows - 02/04/23 21:23:21 Page 4
G e n e r a l   A l g e b r a i c   M o d e l i n g   S y s t e m
Column Listing      SOLVE testmodel Using LP From line 223


---- H  hiring for skill s at year t

H(0,Unskilled)
                (.LO, .L, .UP, .M = 0, 0, +INF, 0)
       -0.75    State_variable_unskilled(1,Unskilled)

H(0,Semi-skilled)
                (.LO, .L, .UP, .M = 0, 0, +INF, 0)
       -0.8     State_variable_semiskilled(1,Semi-skilled)

H(0,Skilled)
                (.LO, .L, .UP, .M = 0, 0, +INF, 0)
       -0.9     State_variable_skilled(1,Skilled)

REMAINING 6 ENTRIES SKIPPED

---- P  parttime for skill s at year t

P(0,Unskilled)
                (.LO, .L, .UP, .M = 0, 0, +INF, 0)
       -0.5     Workforce_constraint(0,Unskilled)
        1       Hiring_constraint_part(0)

P(0,Semi-skilled)
                (.LO, .L, .UP, .M = 0, 0, +INF, 0)
       -0.5     Workforce_constraint(0,Semi-skilled)
        1       Hiring_constraint_part(0)

P(0,Skilled)
                (.LO, .L, .UP, .M = 0, 0, +INF, 0)
       -0.5     Workforce_constraint(0,Skilled)
        1       Hiring_constraint_part(0)

REMAINING 9 ENTRIES SKIPPED

---- L  lay off for skill s at year t

L(0,Unskilled)
                (.LO, .L, .UP, .M = 0, 0, +INF, 0)
        1       State_variable_unskilled(1,Unskilled)
        1       layoff_constraint(0,Unskilled)
       -1       layoff

L(0,Semi-skilled)
                (.LO, .L, .UP, .M = 0, 0, +INF, 0)
        1       State_variable_semiskilled(1,Semi-skilled)
        1       layoff_constraint(0,Semi-skilled)
       -1       layoff

L(0,Skilled)
                (.LO, .L, .UP, .M = 0, 0, +INF, 0)
        1       State_variable_skilled(1,Skilled)
        1       layoff_constraint(0,Skilled)
       -1       layoff

REMAINING 9 ENTRIES SKIPPED

---- O  over-hire for skill s at year t

O(0,Unskilled)
                (.LO, .L, .UP, .M = 0, 0, +INF, 0)
       -0.75    State_variable_unskilled(1,Unskilled)
        1       Hiring_constraint_over(0)

O(0,Semi-skilled)
                (.LO, .L, .UP, .M = 0, 0, +INF, 0)
       -0.8     State_variable_semiskilled(1,Semi-skilled)
        1       Hiring_constraint_over(0)

O(0,Skilled)
                (.LO, .L, .UP, .M = 0, 0, +INF, 0)
       -0.9     State_variable_skilled(1,Skilled)
        1       Hiring_constraint_over(0)

REMAINING 9 ENTRIES SKIPPED

---- Train  training from skill s1 to skill s2 at year t

Train(0,Unskilled,Semi-skilled)
                (.LO, .L, .UP, .M = 0, 0, +INF, 0)
        1       State_variable_unskilled(1,Unskilled)
       -1       State_variable_semiskilled(1,Semi-skilled)
       -1       training_constraint_semiskilled_workforce(0,Unskilled,Unskilled)
       -1       training_constraint_semiskilled_workforce(0,Semi-skilled,Semi-skilled)
       -1       training_constraint_semiskilled_workforce(0,Skilled,Skilled)
        1       training_constraint_unskilled_limit(0,Unskilled,Unskilled)
        1       training_constraint_unskilled_limit(0,Semi-skilled,Semi-skilled)
        1       training_constraint_unskilled_limit(0,Skilled,Skilled)
        1       training_constraint_unskilled_workforce(0,Unskilled,Unskilled)
        1       training_constraint_unskilled_workforce(0,Semi-skilled,Semi-skilled)
        1       training_constraint_unskilled_workforce(0,Skilled,Skilled)

Train(0,Semi-skilled,Skilled)
                (.LO, .L, .UP, .M = 0, 0, +INF, 0)
        1       State_variable_semiskilled(1,Semi-skilled)
       -1       State_variable_skilled(1,Skilled)
        1       training_constraint_semiskilled_limit(0,Unskilled,Unskilled)
        1       training_constraint_semiskilled_limit(0,Semi-skilled,Semi-skilled)
        1       training_constraint_semiskilled_limit(0,Skilled,Skilled)
        1       training_constraint_semiskilled_workforce(0,Unskilled,Unskilled)
        1       training_constraint_semiskilled_workforce(0,Semi-skilled,Semi-skilled)
        1       training_constraint_semiskilled_workforce(0,Skilled,Skilled)

Train(1,Unskilled,Semi-skilled)
                (.LO, .L, .UP, .M = 0, 0, +INF, 0)
        1       State_variable_unskilled(2,Unskilled)
       -1       State_variable_semiskilled(2,Semi-skilled)
       -1       training_constraint_semiskilled_workforce(1,Unskilled,Unskilled)
       -1       training_constraint_semiskilled_workforce(1,Semi-skilled,Semi-skilled)
       -1       training_constraint_semiskilled_workforce(1,Skilled,Skilled)
        1       training_constraint_unskilled_limit(1,Unskilled,Unskilled)
        1       training_constraint_unskilled_limit(1,Semi-skilled,Semi-skilled)
        1       training_constraint_unskilled_limit(1,Skilled,Skilled)
        1       training_constraint_unskilled_workforce(1,Unskilled,Unskilled)
        1       training_constraint_unskilled_workforce(1,Semi-skilled,Semi-skilled)
        1       training_constraint_unskilled_workforce(1,Skilled,Skilled)

REMAINING 5 ENTRIES SKIPPED

---- Demote  demoting from skill s1 to skill s2 at year t

Demote(0,Semi-skilled,Unskilled)
                (.LO, .L, .UP, .M = 0, 0, +INF, 0)
       -0.5     State_variable_unskilled(1,Unskilled)
        1       State_variable_semiskilled(1,Semi-skilled)
        1       demote_constraint_semiskilled(0,Unskilled,Unskilled)
        1       demote_constraint_semiskilled(0,Semi-skilled,Semi-skilled)
        1       demote_constraint_semiskilled(0,Skilled,Skilled)

Demote(0,Skilled,Unskilled)
                (.LO, .L, .UP, .M = 0, 0, +INF, 0)
       -0.5     State_variable_unskilled(1,Unskilled)
        1       State_variable_skilled(1,Skilled)
        1       demote_constraint_skilled(0,Unskilled,Unskilled)
        1       demote_constraint_skilled(0,Semi-skilled,Semi-skilled)
        1       demote_constraint_skilled(0,Skilled,Skilled)

Demote(0,Skilled,Semi-skilled)
                (.LO, .L, .UP, .M = 0, 0, +INF, 0)
       -0.5     State_variable_semiskilled(1,Semi-skilled)
        1       State_variable_skilled(1,Skilled)
        1       demote_constraint_skilled(0,Unskilled,Unskilled)
        1       demote_constraint_skilled(0,Semi-skilled,Semi-skilled)
        1       demote_constraint_skilled(0,Skilled,Skilled)

REMAINING 9 ENTRIES SKIPPED

---- W  workforce for skill s at year t

W(0,Unskilled)
                (.LO, .L, .UP, .M = 0, 0, +INF, 0)
        1       Workforce_constraint(0,Unskilled)
        1       State_variable_unskilled(0,Unskilled)
       -0.9     State_variable_unskilled(1,Unskilled)
       -1       training_constraint_unskilled_workforce(0,Unskilled,Unskilled)
       -1       training_constraint_unskilled_workforce(0,Semi-skilled,Semi-skilled)
       -1       training_constraint_unskilled_workforce(0,Skilled,Skilled)
       -1       layoff_constraint(0,Unskilled)

W(0,Semi-skilled)
                (.LO, .L, .UP, .M = 0, 0, +INF, 0)
        1       Workforce_constraint(0,Semi-skilled)
        1       State_variable_semiskilled(0,Semi-skilled)
       -0.95    State_variable_semiskilled(1,Semi-skilled)
       -1       demote_constraint_semiskilled(0,Unskilled,Unskilled)
       -1       demote_constraint_semiskilled(0,Semi-skilled,Semi-skilled)
       -1       demote_constraint_semiskilled(0,Skilled,Skilled)
       -1       training_constraint_semiskilled_workforce(0,Unskilled,Unskilled)
       -1       training_constraint_semiskilled_workforce(0,Semi-skilled,Semi-skilled)
       -1       training_constraint_semiskilled_workforce(0,Skilled,Skilled)
       -1       layoff_constraint(0,Semi-skilled)

W(0,Skilled)
                (.LO, .L, .UP, .M = 0, 0, +INF, 0)
        1       Workforce_constraint(0,Skilled)
        1       State_variable_skilled(0,Skilled)
       -0.95    State_variable_skilled(1,Skilled)
       -1       demote_constraint_skilled(0,Unskilled,Unskilled)
       -1       demote_constraint_skilled(0,Semi-skilled,Semi-skilled)
       -1       demote_constraint_skilled(0,Skilled,Skilled)
       -0.25    training_constraint_semiskilled_limit(0,Unskilled,Unskilled)
       -0.25    training_constraint_semiskilled_limit(0,Semi-skilled,Semi-skilled)
       -0.25    training_constraint_semiskilled_limit(0,Skilled,Skilled)
       -1       layoff_constraint(0,Skilled)

REMAINING 9 ENTRIES SKIPPED

---- Z_first  total lay offs at all years for all skills

Z_first
                (.LO, .L, .UP, .M = -INF, 0, +INF, 0)
        1       layoff

GAMS 42.1.0  cb854401 Feb 1, 2023           WEX-WEI x86 64bit/MS Windows - 02/04/23 21:23:21 Page 5
G e n e r a l   A l g e b r a i c   M o d e l i n g   S y s t e m
Range Statistics    SOLVE testmodel Using LP From line 223


RANGE STATISTICS (ABSOLUTE NON-ZERO FINITE VALUES)

RHS       [min, max] : [ 5.000E+01, 2.500E+03] - Zero values observed as well
Bound     [min, max] : [        NA,        NA] - Zero values observed as well
Matrix    [min, max] : [ 2.500E-01, 1.000E+00]

GAMS 42.1.0  cb854401 Feb 1, 2023           WEX-WEI x86 64bit/MS Windows - 02/04/23 21:23:21 Page 6
G e n e r a l   A l g e b r a i c   M o d e l i n g   S y s t e m
Model Statistics    SOLVE testmodel Using LP From line 223


MODEL STATISTICS

BLOCKS OF EQUATIONS          14     SINGLE EQUATIONS          117
BLOCKS OF VARIABLES           8     SINGLE VARIABLES           78
NON ZERO ELEMENTS           319


GENERATION TIME      =        0.016 SECONDS      4 MB  42.1.0 cb854401 WEX-WEI
GAMS 42.1.0  cb854401 Feb 1, 2023           WEX-WEI x86 64bit/MS Windows - 02/04/23 21:23:21 Page 7
G e n e r a l   A l g e b r a i c   M o d e l i n g   S y s t e m
Solution Report     SOLVE testmodel Using LP From line 223


               S O L V E      S U M M A R Y

     MODEL   testmodel           OBJECTIVE  Z_first
     TYPE    LP                  DIRECTION  MINIMIZE
     SOLVER  CPLEX               FROM LINE  223

**** SOLVER STATUS     1 Normal Completion
**** MODEL STATUS      1 Optimal
**** OBJECTIVE VALUE                0.0000

 RESOURCE USAGE, LIMIT          0.000 10000000000.000
 ITERATION COUNT, LIMIT         0    2147483647
--- *** This solver runs with a demo license. No commercial use.
--- GMO setup time: 0.00s
--- GMO memory 0.52 Mb (peak 0.52 Mb)
--- Dictionary memory 0.00 Mb
--- Cplex 22.1.1.0 link memory 0.00 Mb (peak 0.02 Mb)
--- Starting Cplex


--- LP status (1): optimal.
--- Cplex Time: 0.00sec (det. 0.11 ticks)


Optimal solution found
Objective:            0.000000


---- EQU Workforce_constraint  limit for workforce for skill s at year t (1.4.1)

                      LOWER          LEVEL          UPPER         MARGINAL

0.Unskilled             .              .            +INF             .          
0.Semi-skilled          .              .            +INF             .          
0.Skilled               .              .            +INF             .          
1.Unskilled         1000.0000      1000.0000        +INF            EPS         
1.Semi-skilled      1400.0000      1400.0000        +INF            EPS         
1.Skilled           1000.0000      1000.0000        +INF            EPS         
2.Unskilled          500.0000       700.0000        +INF             .          
2.Semi-skilled      2000.0000      2000.0000        +INF            EPS         
2.Skilled           1500.0000      1500.0000        +INF            EPS         
3.Unskilled             .           630.0000        +INF             .          
3.Semi-skilled      2500.0000      2500.0000        +INF            EPS         
3.Skilled           2000.0000      2000.0000        +INF            EPS         

---- EQU State_variable_unskilled  state of workforce for skill s at year t (1.4.2)

                   LOWER          LEVEL          UPPER         MARGINAL

0.Unskilled          .              .              .              .          
1.Unskilled          .              .              .             EPS         
2.Unskilled          .              .              .             EPS         
3.Unskilled          .              .              .             EPS         

---- EQU State_variable_semiskilled  state of workforce for skill s at year t (1.4.2)

                      LOWER          LEVEL          UPPER         MARGINAL

0.Semi-skilled          .              .              .              .          
1.Semi-skilled          .              .              .             EPS         
2.Semi-skilled          .              .              .             EPS         
3.Semi-skilled          .              .              .             EPS         

---- EQU State_variable_skilled  state of workforce for skill s at year t (1.4.2)

                 LOWER          LEVEL          UPPER         MARGINAL

0.Skilled          .              .              .              .          
1.Skilled          .              .              .             EPS         
2.Skilled          .              .              .             EPS         
3.Skilled          .              .              .             EPS         

---- EQU demote_constraint_semiskilled  limit for demote from semiskikk at year t (1.4.6)

                                   LOWER          LEVEL          UPPER         MARGINAL

0.Unskilled   .Unskilled           -INF             .              .              .          
0.Semi-skilled.Semi-skilled        -INF             .              .              .          
0.Skilled     .Skilled             -INF             .              .              .          
1.Unskilled   .Unskilled           -INF        -1400.0000          .              .          
1.Semi-skilled.Semi-skilled        -INF        -1400.0000          .              .          
1.Skilled     .Skilled             -INF        -1400.0000          .              .          
2.Unskilled   .Unskilled           -INF        -2000.0000          .              .          
2.Semi-skilled.Semi-skilled        -INF        -2000.0000          .              .          
2.Skilled     .Skilled             -INF        -2000.0000          .              .          
3.Unskilled   .Unskilled           -INF        -2500.0000          .              .          
3.Semi-skilled.Semi-skilled        -INF        -2500.0000          .              .          
3.Skilled     .Skilled             -INF        -2500.0000          .              .          

---- EQU demote_constraint_skilled  limit for demote from skilled at year t (1.4.6)

                                   LOWER          LEVEL          UPPER         MARGINAL

0.Unskilled   .Unskilled           -INF             .              .              .          
0.Semi-skilled.Semi-skilled        -INF             .              .              .          
0.Skilled     .Skilled             -INF             .              .              .          
1.Unskilled   .Unskilled           -INF        -1000.0000          .              .          
1.Semi-skilled.Semi-skilled        -INF        -1000.0000          .              .          
1.Skilled     .Skilled             -INF        -1000.0000          .              .          
2.Unskilled   .Unskilled           -INF        -1500.0000          .              .          
2.Semi-skilled.Semi-skilled        -INF        -1500.0000          .              .          
2.Skilled     .Skilled             -INF        -1500.0000          .              .          
3.Unskilled   .Unskilled           -INF        -2000.0000          .              .          
3.Semi-skilled.Semi-skilled        -INF        -2000.0000          .              .          
3.Skilled     .Skilled             -INF        -2000.0000          .              .          

---- EQU training_constraint_semiskilled_limit  training limit for training from semiskilled to skilled at year t (1.4.5)

                                   LOWER          LEVEL          UPPER         MARGINAL

0.Unskilled   .Unskilled           -INF             .              .              .          
0.Semi-skilled.Semi-skilled        -INF             .              .              .          
0.Skilled     .Skilled             -INF             .              .              .          
1.Unskilled   .Unskilled           -INF         -250.0000          .              .          
1.Semi-skilled.Semi-skilled        -INF         -250.0000          .              .          
1.Skilled     .Skilled             -INF         -250.0000          .              .          
2.Unskilled   .Unskilled           -INF         -375.0000          .              .          
2.Semi-skilled.Semi-skilled        -INF         -375.0000          .              .          
2.Skilled     .Skilled             -INF         -375.0000          .              .          
3.Unskilled   .Unskilled           -INF         -500.0000          .              .          
3.Semi-skilled.Semi-skilled        -INF         -500.0000          .              .          
3.Skilled     .Skilled             -INF         -500.0000          .              .          

---- EQU training_constraint_semiskilled_workforce  workforce limit for training from semiskilled to skilled at year t (1.4.5)

                                   LOWER          LEVEL          UPPER         MARGINAL

0.Unskilled   .Unskilled           -INF             .              .              .          
0.Semi-skilled.Semi-skilled        -INF             .              .              .          
0.Skilled     .Skilled             -INF             .              .              .          
1.Unskilled   .Unskilled           -INF        -1600.0000          .              .          
1.Semi-skilled.Semi-skilled        -INF        -1600.0000          .              .          
1.Skilled     .Skilled             -INF        -1600.0000          .              .          
2.Unskilled   .Unskilled           -INF        -2000.0000          .              .          
2.Semi-skilled.Semi-skilled        -INF        -2000.0000          .              .          
2.Skilled     .Skilled             -INF        -2000.0000          .              .          
3.Unskilled   .Unskilled           -INF        -2500.0000          .              .          
3.Semi-skilled.Semi-skilled        -INF        -2500.0000          .              .          
3.Skilled     .Skilled             -INF        -2500.0000          .              .          

---- EQU training_constraint_unskilled_limit  training limit for training from unslikked to semi-skilled at year t (1.4.5)

                                   LOWER          LEVEL          UPPER         MARGINAL

0.Unskilled   .Unskilled           -INF             .           200.0000          .          
0.Semi-skilled.Semi-skilled        -INF             .           200.0000          .          
0.Skilled     .Skilled             -INF             .           200.0000          .          
1.Unskilled   .Unskilled           -INF          200.0000       200.0000         EPS         
1.Semi-skilled.Semi-skilled        -INF          200.0000       200.0000          .          
1.Skilled     .Skilled             -INF          200.0000       200.0000          .          
2.Unskilled   .Unskilled           -INF             .           200.0000          .          
2.Semi-skilled.Semi-skilled        -INF             .           200.0000          .          
2.Skilled     .Skilled             -INF             .           200.0000          .          
3.Unskilled   .Unskilled           -INF             .           200.0000          .          
3.Semi-skilled.Semi-skilled        -INF             .           200.0000          .          
3.Skilled     .Skilled             -INF             .           200.0000          .          

---- EQU training_constraint_unskilled_workforce  workforce limit for training from unslikked to semi-skilled at year t (1.4.5)

                                   LOWER          LEVEL          UPPER         MARGINAL

0.Unskilled   .Unskilled           -INF             .              .              .          
0.Semi-skilled.Semi-skilled        -INF             .              .              .          
0.Skilled     .Skilled             -INF             .              .              .          
1.Unskilled   .Unskilled           -INF         -800.0000          .              .          
1.Semi-skilled.Semi-skilled        -INF         -800.0000          .              .          
1.Skilled     .Skilled             -INF         -800.0000          .              .          
2.Unskilled   .Unskilled           -INF         -700.0000          .              .          
2.Semi-skilled.Semi-skilled        -INF         -700.0000          .              .          
2.Skilled     .Skilled             -INF         -700.0000          .              .          
3.Unskilled   .Unskilled           -INF         -630.0000          .              .          
3.Semi-skilled.Semi-skilled        -INF         -630.0000          .              .          
3.Skilled     .Skilled             -INF         -630.0000          .              .          

---- EQU Hiring_constraint_part  limit for part time hiring at year t (1.4.3)

         LOWER          LEVEL          UPPER         MARGINAL

0        -INF             .            50.0000          .          
1        -INF             .            50.0000          .          
2        -INF             .            50.0000          .          
3        -INF             .            50.0000          .          

---- EQU Hiring_constraint_over  limit for pver hiring at year t (1.4.3)

         LOWER          LEVEL          UPPER         MARGINAL

0        -INF          150.0000       150.0000         EPS         
1        -INF          150.0000       150.0000         EPS         
2        -INF             .           150.0000          .          
3        -INF             .           150.0000          .          

---- EQU layoff_constraint  limit for layoff for skill s at year t (1.4.4)

                      LOWER          LEVEL          UPPER         MARGINAL

0.Unskilled           -INF             .              .              .          
0.Semi-skilled        -INF             .              .              .          
0.Skilled             -INF             .              .              .          
1.Unskilled           -INF        -1000.0000          .              .          
1.Semi-skilled        -INF        -1400.0000          .              .          
1.Skilled             -INF        -1000.0000          .              .          
2.Unskilled           -INF         -700.0000          .              .          
2.Semi-skilled        -INF        -2000.0000          .              .          
2.Skilled             -INF        -1500.0000          .              .          
3.Unskilled           -INF         -630.0000          .              .          
3.Semi-skilled        -INF        -2500.0000          .              .          
3.Skilled             -INF        -2000.0000          .              .          

                           LOWER          LEVEL          UPPER         MARGINAL

---- EQU layoff              .              .              .             1.0000      

  layoff  objective function of the first part

---- VAR H  hiring for skill s at year t

                      LOWER          LEVEL          UPPER         MARGINAL

0.Unskilled             .          1333.3333        +INF             .          
0.Semi-skilled          .          1750.0000        +INF             .          
0.Skilled               .           961.1111        +INF             .          
1.Unskilled             .              .            +INF            EPS         
1.Semi-skilled          .           587.5000        +INF             .          
1.Skilled               .           461.1111        +INF             .          
2.Unskilled             .              .            +INF            EPS         
2.Semi-skilled          .           750.0000        +INF             .          
2.Skilled               .           638.8889        +INF             .          

---- VAR P  parttime for skill s at year t

                      LOWER          LEVEL          UPPER         MARGINAL

0.Unskilled             .              .            +INF            EPS         
0.Semi-skilled          .              .            +INF            EPS         
0.Skilled               .              .            +INF            EPS         
1.Unskilled             .              .            +INF            EPS         
1.Semi-skilled          .              .            +INF            EPS         
1.Skilled               .              .            +INF            EPS         
2.Unskilled             .              .            +INF            EPS         
2.Semi-skilled          .              .            +INF            EPS         
2.Skilled               .              .            +INF            EPS         
3.Unskilled             .              .            +INF            EPS         
3.Semi-skilled          .              .            +INF            EPS         
3.Skilled               .              .            +INF            EPS         

---- VAR L  lay off for skill s at year t

                      LOWER          LEVEL          UPPER         MARGINAL

0.Unskilled             .              .            +INF            1.0000      
0.Semi-skilled          .              .            +INF            1.0000      
0.Skilled               .              .            +INF            1.0000      
1.Unskilled             .              .            +INF            1.0000      
1.Semi-skilled          .              .            +INF            1.0000      
1.Skilled               .              .            +INF            1.0000      
2.Unskilled             .              .            +INF            1.0000      
2.Semi-skilled          .              .            +INF            1.0000      
2.Skilled               .              .            +INF            1.0000      
3.Unskilled             .              .            +INF            1.0000      
3.Semi-skilled          .              .            +INF            1.0000      
3.Skilled               .              .            +INF            1.0000      

---- VAR O  over-hire for skill s at year t

                      LOWER          LEVEL          UPPER         MARGINAL

0.Unskilled             .              .            +INF            EPS         
0.Semi-skilled          .              .            +INF            EPS         
0.Skilled               .           150.0000        +INF             .          
1.Unskilled             .              .            +INF            EPS         
1.Semi-skilled          .              .            +INF            EPS         
1.Skilled               .           150.0000        +INF             .          
2.Unskilled             .              .            +INF            EPS         
2.Semi-skilled          .              .            +INF            EPS         
2.Skilled               .              .            +INF            EPS         
3.Unskilled             .              .            +INF            EPS         
3.Semi-skilled          .              .            +INF            EPS         
3.Skilled               .              .            +INF            EPS         

---- VAR Train  training from skill s1 to skill s2 at year t

                                   LOWER          LEVEL          UPPER         MARGINAL

0.Unskilled   .Semi-skilled          .              .            +INF            EPS         
0.Semi-skilled.Skilled               .              .            +INF            EPS         
1.Unskilled   .Semi-skilled          .           200.0000        +INF             .          
1.Semi-skilled.Skilled               .              .            +INF            EPS         
2.Unskilled   .Semi-skilled          .              .            +INF            EPS         
2.Semi-skilled.Skilled               .              .            +INF            EPS         
3.Unskilled   .Semi-skilled          .              .            +INF            EPS         
3.Semi-skilled.Skilled               .              .            +INF            EPS         

---- VAR Demote  demoting from skill s1 to skill s2 at year t

                                   LOWER          LEVEL          UPPER         MARGINAL

0.Semi-skilled.Unskilled             .              .            +INF            EPS         
0.Skilled     .Unskilled             .              .            +INF            EPS         
0.Skilled     .Semi-skilled          .              .            +INF            EPS         
1.Semi-skilled.Unskilled             .              .            +INF            EPS         
1.Skilled     .Unskilled             .              .            +INF            EPS         
1.Skilled     .Semi-skilled          .              .            +INF            EPS         
2.Semi-skilled.Unskilled             .              .            +INF            EPS         
2.Skilled     .Unskilled             .              .            +INF            EPS         
2.Skilled     .Semi-skilled          .              .            +INF            EPS         
3.Semi-skilled.Unskilled             .              .            +INF            EPS         
3.Skilled     .Unskilled             .              .            +INF            EPS         
3.Skilled     .Semi-skilled          .              .            +INF            EPS         

---- VAR W  workforce for skill s at year t

                      LOWER          LEVEL          UPPER         MARGINAL

0.Unskilled             .              .            +INF            EPS         
0.Semi-skilled          .              .            +INF            EPS         
0.Skilled               .              .            +INF            EPS         
1.Unskilled             .          1000.0000        +INF             .          
1.Semi-skilled          .          1400.0000        +INF             .          
1.Skilled               .          1000.0000        +INF             .          
2.Unskilled             .           700.0000        +INF             .          
2.Semi-skilled          .          2000.0000        +INF             .          
2.Skilled               .          1500.0000        +INF             .          
3.Unskilled             .           630.0000        +INF             .          
3.Semi-skilled          .          2500.0000        +INF             .          
3.Skilled               .          2000.0000        +INF             .          

                           LOWER          LEVEL          UPPER         MARGINAL

---- VAR Z_first           -INF             .            +INF             .          

  Z_first  total lay offs at all years for all skills


**** REPORT SUMMARY :        0     NONOPT
                             0 INFEASIBLE
                             0  UNBOUNDED
GAMS 42.1.0  cb854401 Feb 1, 2023           WEX-WEI x86 64bit/MS Windows - 02/04/23 21:23:21 Page 8
G e n e r a l   A l g e b r a i c   M o d e l i n g   S y s t e m
E x e c u t i o n


----    225 PARAMETER demand_table  

    Unskilled  Semi-skil~     Skilled

0    2000.000    1500.000    1000.000
1    1000.000    1400.000    1000.000
2     500.000    2000.000    1500.000
3                2500.000    2000.000


----    226 PARAMETER churn_table  

              Unskilled  Semi-skil~     Skilled

New              25.000      20.000      10.000
Experienced      10.000       5.000       5.000


----    227 PARAMETER hiring_limit  

Unskilled    500.000,    Semi-skilled 800.000,    Skilled      500.000


----    228 PARAMETER training_limit  

fixed 200.000


----    229 PARAMETER training_theshold  

fixed 0.250


----    230 PARAMETER overhiring_limit  

fixed 150.000


----    231 PARAMETER parttime_limit  

fixed 50.000


----    235 VARIABLE W.L  workforce for skill s at year t

    Unskilled  Semi-skil~     Skilled

0         EPS         EPS         EPS
1    1000.000    1400.000    1000.000
2     700.000    2000.000    1500.000
3     630.000    2500.000    2000.000


----    238 VARIABLE H.L  hiring for skill s at year t

    Unskilled  Semi-skil~     Skilled

0    1333.333    1750.000     961.111
1         EPS     587.500     461.111
2         EPS     750.000     638.889
3         EPS         EPS         EPS


----    241 VARIABLE O.L  over-hire for skill s at year t

    Unskilled  Semi-skil~     Skilled

0         EPS         EPS     150.000
1         EPS         EPS     150.000
2         EPS         EPS         EPS
3         EPS         EPS         EPS


----    244 VARIABLE L.L  lay off for skill s at year t

    Unskilled  Semi-skil~     Skilled

0         EPS         EPS         EPS
1         EPS         EPS         EPS
2         EPS         EPS         EPS
3         EPS         EPS         EPS


----    247 VARIABLE Train.L  training from skill s1 to skill s2 at year t

                 Unskilled  Semi-skil~     Skilled

0.Unskilled            EPS
0.Semi-skilled                     EPS
0.Skilled                                      EPS
1.Unskilled            EPS     200.000
1.Semi-skilled                     EPS
1.Skilled                                      EPS
2.Unskilled            EPS
2.Semi-skilled                     EPS
2.Skilled                                      EPS
3.Unskilled            EPS
3.Semi-skilled                     EPS
3.Skilled                                      EPS


----    250 VARIABLE Demote.L  demoting from skill s1 to skill s2 at year t

                 Unskilled  Semi-skil~     Skilled

0.Unskilled            EPS
0.Semi-skilled                     EPS
0.Skilled                                      EPS
1.Unskilled            EPS
1.Semi-skilled                     EPS
1.Skilled                                      EPS
2.Unskilled            EPS
2.Semi-skilled                     EPS
2.Skilled                                      EPS
3.Unskilled            EPS
3.Semi-skilled                     EPS
3.Skilled                                      EPS


----    253 VARIABLE P.L  parttime for skill s at year t

    Unskilled  Semi-skil~     Skilled

0         EPS         EPS         EPS
1         EPS         EPS         EPS
2         EPS         EPS         EPS
3         EPS         EPS         EPS



EXECUTION TIME       =        6.031 SECONDS      4 MB  42.1.0 cb854401 WEX-WEI


USER: GAMS Demo license for Mohsen Hosseini          G230203|0002CO-GEN
      Sharif, Indonesia                                        DL084616


**** FILE SUMMARY

Input      D:\University\Semester 7\Operation Research 2\Project\Answer\Phase2-answer\new1.gms
Output     D:\University\Semester 7\Operation Research 2\Project\Answer\Phase2-answer\new1.lst
