GAMS 42.1.0  cb854401 Feb 1, 2023           WEX-WEI x86 64bit/MS Windows - 02/04/23 23:13:28 Page 1
G e n e r a l   A l g e b r a i c   M o d e l i n g   S y s t e m
C o m p i l a t i o n


   1  * Phase 2 of OR2 Prject
   2  * Author: Mohsen Hosseini
   3   
   4  * first we define the indices
   5  sets
   6  t years /0, 1, 2, 3/
   7  d(t) years that the workforce is not given /1, 2, 3/
   8  g(t) first year /0/
   9   
  10  s skills /Unskilled, Semi-skilled, Skilled/
  11  e experience level /New, Experienced/
  12  param indice for the fixed values /fixed/
  13   
  14  ;
  15   
  16  Parameter demand_table(t,s)
GDXIN   D:\University\Semester 7\Operation Research 2\Project\Answer\Phase2-answer\Pahse2_Data_OR2.gdx
--- LOAD  demand_table = 1:demand_table
  20  ;
  21   
  22  Parameter churn_table(e,s)
GDXIN   D:\University\Semester 7\Operation Research 2\Project\Answer\Phase2-answer\Pahse2_Data_OR2.gdx
--- LOAD  churn_table = 1:churn_table
  26  ;
  27   
  28   
  29  Parameter hiring_limit(s)
GDXIN   D:\University\Semester 7\Operation Research 2\Project\Answer\Phase2-answer\Pahse2_Data_OR2.gdx
--- LOAD  hiring_limit = 1:hiring_limit
  33  ;
  34   
  35  Parameter training_limit(param)
GDXIN   D:\University\Semester 7\Operation Research 2\Project\Answer\Phase2-answer\Pahse2_Data_OR2.gdx
--- LOAD  training_limit = 1:training_limit
  39  ;
  40   
  41  Parameter training_theshold(param)
GDXIN   D:\University\Semester 7\Operation Research 2\Project\Answer\Phase2-answer\Pahse2_Data_OR2.gdx
--- LOAD  training_theshold = 1:training_theshold
  45  ;
  46   
  47  Parameter layoff_cost(s)
GDXIN   D:\University\Semester 7\Operation Research 2\Project\Answer\Phase2-answer\Pahse2_Data_OR2.gdx
--- LOAD  layoff_cost = 1:layoff_cost
  51  ;
  52   
  53  Parameter over_hiring_cost(s)
GDXIN   D:\University\Semester 7\Operation Research 2\Project\Answer\Phase2-answer\Pahse2_Data_OR2.gdx
--- LOAD  over_hiring_cost = 1:over_hiring_cost
  57  ;
  58   
  59  Parameter overhiring_limit(param)
GDXIN   D:\University\Semester 7\Operation Research 2\Project\Answer\Phase2-answer\Pahse2_Data_OR2.gdx
--- LOAD  overhiring_limit = 1:overhiring_limit
  63  ;
  64   
  65  Parameter parttime_cost(s)
GDXIN   D:\University\Semester 7\Operation Research 2\Project\Answer\Phase2-answer\Pahse2_Data_OR2.gdx
--- LOAD  parttime_cost = 1:parttime_cost
  69  ;
  70   
  71  Parameter parttime_limit(param)
GDXIN   D:\University\Semester 7\Operation Research 2\Project\Answer\Phase2-answer\Pahse2_Data_OR2.gdx
--- LOAD  parttime_limit = 1:parttime_limit
  75  ;
  76   
  77  variables
  78  H(t, s) hiring for skill s at year t
  79   
  80  P(t, s) parttime for skill s at year t
  81  L(t, s) lay off for skill s at year t
  82  O(t, s) over-hire for skill s at year t
  83   
  84  Train(t, s, s) training from skill s1 to skill s2 at year t
  85  Demote(t, s, s) demoting from skill s1 to skill s2 at year t
  86   
  87  W(t ,s) workforce for skill s at year t
  88   
  89  Z_first total lay offs at all years for all skills
  90   
  91  trainincost cost for training
  92  parttimecost cost for assigning workers to parttime work
  93  layoffcost cost for laying off
  94  overhiringcost cost hire more than limit
  95  Z_second total cost
  96  ;
  97   
  98  integer variable H;
  99  integer variable P;
 100  integer variable L;
 101  integer variable O;
 102   
 103  integer variable Train;
 104  integer variable Demote;
 105   
 106  integer variable W;
 107   
 108  Positive Variable trainincost;
 109  Positive Variable parttimecost;
 110  Positive Variable layoffcost;
 111  Positive Variable overhiringcost;
 112   
 113  Equations
 114   
 115  Workforce_constraint(t, s) limit for workforce for skill s at year t (1.4.1)
 116  Workforce_given(t, s) limit for given workforce for skill s at year 0 (1.4.1)
 117   
 118  State_variable_unskilled(t, s) state of workforce for skill s at year t (1.4.2)
 119  State_variable_semiskilled(t, s) state of workforce for skill s at year t (1.4.2)
 120  State_variable_skilled(t, s) state of workforce for skill s at year t (1.4.2)
 121   
 122  Hiring_constraint_normal(t, s) limit for hiring for skill s at year t (1.4.3)
 123  Hiring_constraint_over(t) limit for pver hiring at year t (1.4.3)
 124  Hiring_constraint_part(t) limit for part time hiring at year t (1.4.3)
 125   
 126  layoff_constraint(t, s) limit for layoff for skill s at year t (1.4.4)
 127   
 128  training_constraint_unskilled_limit(t, s, s) training limit for training from unslikked to semi-skilled at year t (1.4.5)
 129  training_constraint_unskilled_workforce(t, s, s) workforce limit for training from unslikked to semi-skilled at year t (1.4.5)
 130   
 131  training_constraint_semiskilled_limit(t, s, s) training limit for training from semiskilled to skilled at year t (1.4.5)
 132  training_constraint_semiskilled_workforce(t, s, s) workforce limit for training from semiskilled to skilled at year t (1.4.5)
 133   
 134  demote_constraint_semiskilled(t, s, s) limit for demote from semiskikk at year t (1.4.6)
 135  demote_constraint_skilled(t, s, s) limit for demote from skilled at year t (1.4.6)
 136   
 137  training_costs cost of training
 138  parttime_costs cost of parttime
 139  layoff_costs cost of layoff
 140  overhire_costs cost of overhire
 141   
 142  layoff objective function of the first part
 143  Cost objective function of the second part
 144  ;
 145   
 146  * workforce
 147  * for years 1 to 3 we should have the requested workforce
 148  Workforce_constraint(t, s) .. W(t, s)- 0.5* P(t, s) =g= demand_table(t, s)$(d(t));
 149   
 150  * for year 0 the workforce is given so we use the equal
 151  Workforce_given(t, s) .. W('0', s) =e= demand_table('0', s);
 152   
 153   
 154  * state variebles
 155  * we need to define these for t>0
 156  *unskilled workers
 157  State_variable_unskilled(t, 'Unskilled')$(d(t)).. W(t, 'Unskilled')=e=
 158      (
 159      W(t-1, 'Unskilled')+ [H(t-1, 'Unskilled')+ O(t-1, 'Unskilled')]
 160      -[L(t-1, 'Unskilled')+ 0.01* churn_table('New', 'Unskilled')* (H(t-1, 'Unskilled')+ O(t-1, 'Unskilled'))+ 0.01* churn_table('Experienced', 'Unskilled')* (W(t-1, 'Unskilled'))]
 161      +[0.5*Demote(t-1, 'Semi-skilled', 'Unskilled')+ 0.5*Demote(t-1, 'Skilled', 'Unskilled')- Train(t-1, 'Unskilled', 'Semi-skilled')]
 162      )
 163  ;
 164   
 165  * semiskilled workers
 166  State_variable_semiskilled(t, 'Semi-skilled')$(d(t)).. W(t, 'Semi-skilled')=e=
 167      (
 168      W(t-1, 'Semi-skilled')+ [H(t-1, 'Semi-skilled')+ O(t-1, 'Semi-skilled')]
 169      -[L(t-1, 'Semi-skilled')+ 0.01* churn_table('New', 'Semi-skilled')* (H(t-1, 'Semi-skilled')+ O(t-1, 'Semi-skilled'))+ 0.01* churn_table('Experienced', 'Semi-skilled')* (W(t-1, 'Semi-skilled'))]
 170      +[0.5*Demote(t-1, 'Skilled', 'Semi-skilled')- Demote(t-1, 'Semi-skilled', 'Unskilled')+ Train(t-1, 'Unskilled', 'Semi-skilled')- Train(t-1, 'Semi-skilled', 'Skilled')]
 171      )
 172  ;
 173   
 174  * skilled workers
 175  State_variable_skilled(t, 'Skilled').. W(t, 'Skilled')$(d(t))=e=
 176      (
 177      W(t-1, 'Skilled')+ [H(t-1, 'Skilled')+ O(t-1, 'Skilled')]
 178      -[L(t-1, 'Skilled')+ 0.01* churn_table('New', 'Skilled')* (H(t-1, 'Skilled')+ O(t-1, 'Skilled'))+ 0.01* churn_table('Experienced', 'Skilled')* (W(t-1, 'Skilled'))]
 179      +[-Demote(t-1, 'Skilled', 'Semi-skilled')- Demote(t-1, 'Skilled', 'Unskilled')+ Train(t-1, 'Semi-skilled', 'Skilled')]
 180      )
 181  ;
 182   
 183  * hiring constraint
 184  * normal
 185  Hiring_constraint_normal(t, s).. H(t, s)=l= hiring_limit(s);
 186   
 187  * over
 188  Hiring_constraint_over(t).. sum(s, O(t, s))=l= overhiring_limit('fixed');
 189   
 190  * part
 191  Hiring_constraint_part(t).. sum(s, P(t, s))=l= parttime_limit('fixed');
 192   
 193  * lay off constraint
 194  layoff_constraint(t, s).. L(t, s)=l= W(t, s);
 195   
 196   
 197   
 198  * Training constraints
 199  training_constraint_unskilled_limit(t, s, s).. Train(t, 'Unskilled', 'Semi-skilled')=l= training_limit('fixed');
 200  training_constraint_unskilled_workforce(t, s, s).. Train(t, 'Unskilled', 'Semi-skilled')=l= W(t, 'Unskilled');
 201   
 202  training_constraint_semiskilled_limit(t, s, s).. Train(t, 'Semi-skilled', 'Skilled')=l= training_theshold('fixed')* W(t, 'Skilled');
 203  training_constraint_semiskilled_workforce(t, s, s).. Train(t, 'Semi-skilled', 'Skilled')=l= W(t, 'Semi-skilled')+ Train(t, 'Unskilled', 'Semi-skilled');
 204   
 205  * demotion constraints
 206  demote_constraint_semiskilled(t, s, s).. Demote(t, 'Semi-skilled', 'Unskilled')=l= W(t, 'Semi-skilled');
 207  demote_constraint_skilled(t, s, s).. Demote(t, 'Skilled', 'Semi-skilled')+ Demote(t, 'Skilled', 'Unskilled')=l= W(t, 'Skilled');
 208   
 209  * defining costs
 210  * training
 211  training_costs.. trainincost=e= sum(t, Train(t, 'Unskilled', 'Semi-skilled'));
 212   
 213  *parttime
 214  parttime_costs.. parttimecost=e= sum((t, s), parttime_cost(s)* P(t, s));
 215   
 216  * layoff
 217  layoff_costs.. layoffcost=e= sum((t, s), layoff_cost(s)* L(t, s));
 218   
 219  * overhire
 220  overhire_costs.. overhiringcost=e= sum((t, s), over_hiring_cost(s)* O(t, s));
 221   
 222  * lay off objective for the first part
 223  layoff.. Z_first=e= sum((t, s), L(t, s));
 224   
 225  * total cost
 226  cost.. z_second=e= trainincost+ parttimecost+ layoffcost+ overhiringcost
 227   
 228  model testmodel /
 229   
 230      Workforce_given,
 231      Workforce_constraint,
 232   
 233      State_variable_unskilled,
 234      State_variable_semiskilled,
 235      State_variable_skilled,
 236   
 237      demote_constraint_semiskilled,
 238      demote_constraint_skilled,
 239      training_constraint_semiskilled_limit,
 240      training_constraint_semiskilled_workforce,
 241      training_constraint_unskilled_limit,
 242      training_constraint_unskilled_workforce,
 243   
 244      Hiring_constraint_normal,
 245      Hiring_constraint_part,
 246      Hiring_constraint_over,
 247      layoff_constraint,
 248   
 249      training_costs
 250      parttime_costs
 251      layoff_costs
 252      overhire_costs
 253      cost
 254   
 255      layoff
 256   
 257  /
 258  ;
 259   
 260  solve testmodel using mip minimizing Z_first;
 261   
 262  display demand_table;
 263  display churn_table;
 264   
 265  display hiring_limit;
 266   
 267  display training_limit;
 268  display training_theshold;
 269   
 270  display overhiring_limit;
 271  display parttime_limit;
 272   
 273  display over_hiring_cost;
 274  display parttime_cost;
 275   
 276   
 277  W.l(t, s)$ (W.l(t, s) eq 0)= eps;
 278  display W.l;
 279   
 280  H.l(t, s)$ (H.l(t, s) eq 0)= eps;
 281  display H.l;
 282   
 283  O.l(t, s)$ (O.l(t, s) eq 0)= eps;
 284  display O.l;
 285   
 286  L.l(t, s)$ (L.l(t, s) eq 0)= eps
 287  display L.l;
 288   
 289  Train.l(t, s, s)$ (Train.l(t, s, s) eq 0)= eps;
 290  display Train.l;
 291   
 292  Demote.l(t, s, s)$ (Demote.l(t, s, s) eq 0)= eps;
 293  display Demote.l;
 294   
 295  P.l(t, s)$ (P.l(t, s) eq 0)= eps;
 296  display P.l;
 297   
 298  display trainincost.l;
 299  display parttimecost.l;
 300  display layoffcost.l;
 301  display overhiringcost.l;
 302  display z_second.l;
 303   
 304  execute_unload "Pahse2_Data_OR2.gdx" W.l, H.l, p.l, L.l, O.l,
 305                                       Train.l, Demote.l,
 306                                       trainincost.l, parttimecost.l, layoffcost.l, overhiringcost.l
 307                                       z_second.l;
 308   
 309  execute 'gdxxrw.exe Pahse2_Data_OR2.gdx var=W.l rng=Results!B2';
 310  execute 'gdxxrw.exe Pahse2_Data_OR2.gdx var=H.l rng=Results!B8';
 311  execute 'gdxxrw.exe Pahse2_Data_OR2.gdx var=p.l rng=Results!B14';
 312  execute 'gdxxrw.exe Pahse2_Data_OR2.gdx var=L.l rng=Results!B20';
 313  execute 'gdxxrw.exe Pahse2_Data_OR2.gdx var=O.l rng=Results!B26';
 314  execute 'gdxxrw.exe Pahse2_Data_OR2.gdx var=Train.l rng=Results!B32';
 315  execute 'gdxxrw.exe Pahse2_Data_OR2.gdx var=Demote.l rng=Results!B50';
 316   
 317  execute 'gdxxrw.exe Pahse2_Data_OR2.gdx var=trainincost.l rng=Results!B65';
 318  execute 'gdxxrw.exe Pahse2_Data_OR2.gdx var=parttimecost.l rng=Results!B67';
 319  execute 'gdxxrw.exe Pahse2_Data_OR2.gdx var=layoffcost.l rng=Results!B69';
 320  execute 'gdxxrw.exe Pahse2_Data_OR2.gdx var=overhiringcost.l rng=Results!B71';
 321   
 322  execute 'gdxxrw.exe Pahse2_Data_OR2.gdx var=z_second.l rng=Results!B73';
 323   
 324   
 325   
GAMS 42.1.0  cb854401 Feb 1, 2023           WEX-WEI x86 64bit/MS Windows - 02/04/23 23:13:28 Page 2
G e n e r a l   A l g e b r a i c   M o d e l i n g   S y s t e m
Include File Summary


   SEQ   GLOBAL TYPE      PARENT   LOCAL  FILENAME

     1        1 INPUT          0       0  D:\University\Semester 7\Operation Research 2\Project\Answer\Phase2-answer\new1.gms
     2       17 CALL           1      17  gdxxrw.exe Pahse2_Data_OR2.xlsx par=demand_table rng=D!B2:E6 rdim=1 cdim=1
     3       18 GDXIN          1      18  D:\University\Semester 7\Operation Research 2\Project\Answer\Phase2-answer\Pahse2_Data_OR2.gdx
     4       23 CALL           1      23  gdxxrw.exe Pahse2_Data_OR2.xlsx par=churn_table rng=W!B2:E4 rdim=1 cdim=1
     5       24 GDXIN          1      24  D:\University\Semester 7\Operation Research 2\Project\Answer\Phase2-answer\Pahse2_Data_OR2.gdx
     6       30 CALL           1      30  gdxxrw.exe Pahse2_Data_OR2.xlsx par=hiring_limit rng=R!C2:E3 cdim=1
     7       31 GDXIN          1      31  D:\University\Semester 7\Operation Research 2\Project\Answer\Phase2-answer\Pahse2_Data_OR2.gdx
     8       36 CALL           1      36  gdxxrw.exe Pahse2_Data_OR2.xlsx par=training_limit rng=T!D4 cdim=1
     9       37 GDXIN          1      37  D:\University\Semester 7\Operation Research 2\Project\Answer\Phase2-answer\Pahse2_Data_OR2.gdx
    10       42 CALL           1      42  gdxxrw.exe Pahse2_Data_OR2.xlsx par=training_theshold rng=T!D7 cdim=1
    11       43 GDXIN          1      43  D:\University\Semester 7\Operation Research 2\Project\Answer\Phase2-answer\Pahse2_Data_OR2.gdx
    12       48 CALL           1      48  gdxxrw.exe Pahse2_Data_OR2.xlsx par=layoff_cost rng=L!C2:E3 cdim=1
    13       49 GDXIN          1      49  D:\University\Semester 7\Operation Research 2\Project\Answer\Phase2-answer\Pahse2_Data_OR2.gdx
    14       54 CALL           1      54  gdxxrw.exe Pahse2_Data_OR2.xlsx par=over_hiring_cost rng=O!C2:E3 cdim=1
    15       55 GDXIN          1      55  D:\University\Semester 7\Operation Research 2\Project\Answer\Phase2-answer\Pahse2_Data_OR2.gdx
    16       60 CALL           1      60  gdxxrw.exe Pahse2_Data_OR2.xlsx par=overhiring_limit rng=O!B5 cdim=1
    17       61 GDXIN          1      61  D:\University\Semester 7\Operation Research 2\Project\Answer\Phase2-answer\Pahse2_Data_OR2.gdx
    18       66 CALL           1      66  gdxxrw.exe Pahse2_Data_OR2.xlsx par=parttime_cost rng=S!C2:E3 cdim=1
    19       67 GDXIN          1      67  D:\University\Semester 7\Operation Research 2\Project\Answer\Phase2-answer\Pahse2_Data_OR2.gdx
    20       72 CALL           1      72  gdxxrw.exe Pahse2_Data_OR2.xlsx par=parttime_limit rng=S!B5 cdim=1
    21       73 GDXIN          1      73  D:\University\Semester 7\Operation Research 2\Project\Answer\Phase2-answer\Pahse2_Data_OR2.gdx


COMPILATION TIME     =        5.812 SECONDS      3 MB  42.1.0 cb854401 WEX-WEI
GAMS 42.1.0  cb854401 Feb 1, 2023           WEX-WEI x86 64bit/MS Windows - 02/04/23 23:13:28 Page 3
G e n e r a l   A l g e b r a i c   M o d e l i n g   S y s t e m
Equation Listing    SOLVE testmodel Using MIP From line 260


---- Workforce_given  =E=  limit for given workforce for skill s at year 0 (1.4.1)

Workforce_given(0,Unskilled)..  W(0,Unskilled) =E= 2000 ; (LHS = 0, INFES = 2000 ****)
     
Workforce_given(0,Semi-skilled)..  W(0,Semi-skilled) =E= 1500 ; (LHS = 0, INFES = 1500 ****)
     
Workforce_given(0,Skilled)..  W(0,Skilled) =E= 1000 ; (LHS = 0, INFES = 1000 ****)
     
REMAINING 9 ENTRIES SKIPPED


---- Workforce_constraint  =G=  limit for workforce for skill s at year t (1.4.1)

Workforce_constraint(0,Unskilled)..  - 0.5*P(0,Unskilled) + W(0,Unskilled) =G= 0 ; (LHS = 0)
     
Workforce_constraint(0,Semi-skilled)..  - 0.5*P(0,Semi-skilled) + W(0,Semi-skilled) =G= 0 ; (LHS = 0)
     
Workforce_constraint(0,Skilled)..  - 0.5*P(0,Skilled) + W(0,Skilled) =G= 0 ; (LHS = 0)
     
REMAINING 9 ENTRIES SKIPPED


---- State_variable_unskilled  =E=  state of workforce for skill s at year t (1.4.2)

State_variable_unskilled(1,Unskilled)..  - 0.75*H(0,Unskilled) + L(0,Unskilled) - 0.75*O(0,Unskilled) + Train(0,Unskilled,Semi-skilled) - 0.5*Demote(0,Semi-skilled,Unskilled) - 0.5*Demote(0,Skilled,Unskilled) - 0.9*W(0,Unskilled) + W(1,Unskilled) =E= 0 ; (LHS = 0)
     
State_variable_unskilled(2,Unskilled)..  - 0.75*H(1,Unskilled) + L(1,Unskilled) - 0.75*O(1,Unskilled) + Train(1,Unskilled,Semi-skilled) - 0.5*Demote(1,Semi-skilled,Unskilled) - 0.5*Demote(1,Skilled,Unskilled) - 0.9*W(1,Unskilled) + W(2,Unskilled) =E= 0 ; (LHS = 0)
     
State_variable_unskilled(3,Unskilled)..  - 0.75*H(2,Unskilled) + L(2,Unskilled) - 0.75*O(2,Unskilled) + Train(2,Unskilled,Semi-skilled) - 0.5*Demote(2,Semi-skilled,Unskilled) - 0.5*Demote(2,Skilled,Unskilled) - 0.9*W(2,Unskilled) + W(3,Unskilled) =E= 0 ; (LHS = 0)
     

---- State_variable_semiskilled  =E=  state of workforce for skill s at year t (1.4.2)

State_variable_semiskilled(1,Semi-skilled)..  - 0.8*H(0,Semi-skilled) + L(0,Semi-skilled) - 0.8*O(0,Semi-skilled) - Train(0,Unskilled,Semi-skilled) + Train(0,Semi-skilled,Skilled) + Demote(0,Semi-skilled,Unskilled) - 0.5*Demote(0,Skilled,Semi-skilled) - 0.95*W(0,Semi-skilled) + W(1,Semi-skilled) =E= 0 ; (LHS = 0)
     
State_variable_semiskilled(2,Semi-skilled)..  - 0.8*H(1,Semi-skilled) + L(1,Semi-skilled) - 0.8*O(1,Semi-skilled) - Train(1,Unskilled,Semi-skilled) + Train(1,Semi-skilled,Skilled) + Demote(1,Semi-skilled,Unskilled) - 0.5*Demote(1,Skilled,Semi-skilled) - 0.95*W(1,Semi-skilled) + W(2,Semi-skilled) =E= 0 ; (LHS = 0)
     
State_variable_semiskilled(3,Semi-skilled)..  - 0.8*H(2,Semi-skilled) + L(2,Semi-skilled) - 0.8*O(2,Semi-skilled) - Train(2,Unskilled,Semi-skilled) + Train(2,Semi-skilled,Skilled) + Demote(2,Semi-skilled,Unskilled) - 0.5*Demote(2,Skilled,Semi-skilled) - 0.95*W(2,Semi-skilled) + W(3,Semi-skilled) =E= 0 ; (LHS = 0)
     

---- State_variable_skilled  =E=  state of workforce for skill s at year t (1.4.2)

State_variable_skilled(1,Skilled)..  - 0.9*H(0,Skilled) + L(0,Skilled) - 0.9*O(0,Skilled) - Train(0,Semi-skilled,Skilled) + Demote(0,Skilled,Unskilled) + Demote(0,Skilled,Semi-skilled) - 0.95*W(0,Skilled) + W(1,Skilled) =E= 0 ; (LHS = 0)
     
State_variable_skilled(2,Skilled)..  - 0.9*H(1,Skilled) + L(1,Skilled) - 0.9*O(1,Skilled) - Train(1,Semi-skilled,Skilled) + Demote(1,Skilled,Unskilled) + Demote(1,Skilled,Semi-skilled) - 0.95*W(1,Skilled) + W(2,Skilled) =E= 0 ; (LHS = 0)
     
State_variable_skilled(3,Skilled)..  - 0.9*H(2,Skilled) + L(2,Skilled) - 0.9*O(2,Skilled) - Train(2,Semi-skilled,Skilled) + Demote(2,Skilled,Unskilled) + Demote(2,Skilled,Semi-skilled) - 0.95*W(2,Skilled) + W(3,Skilled) =E= 0 ; (LHS = 0)
     

---- demote_constraint_semiskilled  =L=  limit for demote from semiskikk at year t (1.4.6)

demote_constraint_semiskilled(0,Unskilled,Unskilled)..  Demote(0,Semi-skilled,Unskilled) - W(0,Semi-skilled) =L= 0 ; (LHS = 0)
     
demote_constraint_semiskilled(0,Semi-skilled,Semi-skilled)..  Demote(0,Semi-skilled,Unskilled) - W(0,Semi-skilled) =L= 0 ; (LHS = 0)
     
demote_constraint_semiskilled(0,Skilled,Skilled)..  Demote(0,Semi-skilled,Unskilled) - W(0,Semi-skilled) =L= 0 ; (LHS = 0)
     
REMAINING 9 ENTRIES SKIPPED


---- demote_constraint_skilled  =L=  limit for demote from skilled at year t (1.4.6)

demote_constraint_skilled(0,Unskilled,Unskilled)..  Demote(0,Skilled,Unskilled) + Demote(0,Skilled,Semi-skilled) - W(0,Skilled) =L= 0 ; (LHS = 0)
     
demote_constraint_skilled(0,Semi-skilled,Semi-skilled)..  Demote(0,Skilled,Unskilled) + Demote(0,Skilled,Semi-skilled) - W(0,Skilled) =L= 0 ; (LHS = 0)
     
demote_constraint_skilled(0,Skilled,Skilled)..  Demote(0,Skilled,Unskilled) + Demote(0,Skilled,Semi-skilled) - W(0,Skilled) =L= 0 ; (LHS = 0)
     
REMAINING 9 ENTRIES SKIPPED


---- training_constraint_semiskilled_limit  =L=  training limit for training from semiskilled to skilled at year t (1.4.5)

training_constraint_semiskilled_limit(0,Unskilled,Unskilled)..  Train(0,Semi-skilled,Skilled) - 0.25*W(0,Skilled) =L= 0 ; (LHS = 0)
     
training_constraint_semiskilled_limit(0,Semi-skilled,Semi-skilled)..  Train(0,Semi-skilled,Skilled) - 0.25*W(0,Skilled) =L= 0 ; (LHS = 0)
     
training_constraint_semiskilled_limit(0,Skilled,Skilled)..  Train(0,Semi-skilled,Skilled) - 0.25*W(0,Skilled) =L= 0 ; (LHS = 0)
     
REMAINING 9 ENTRIES SKIPPED


---- training_constraint_semiskilled_workforce  =L=  workforce limit for training from semiskilled to skilled at year t (1.4.5)

training_constraint_semiskilled_workforce(0,Unskilled,Unskilled)..  - Train(0,Unskilled,Semi-skilled) + Train(0,Semi-skilled,Skilled) - W(0,Semi-skilled) =L= 0 ; (LHS = 0)
     
training_constraint_semiskilled_workforce(0,Semi-skilled,Semi-skilled)..  - Train(0,Unskilled,Semi-skilled) + Train(0,Semi-skilled,Skilled) - W(0,Semi-skilled) =L= 0 ; (LHS = 0)
     
training_constraint_semiskilled_workforce(0,Skilled,Skilled)..  - Train(0,Unskilled,Semi-skilled) + Train(0,Semi-skilled,Skilled) - W(0,Semi-skilled) =L= 0 ; (LHS = 0)
     
REMAINING 9 ENTRIES SKIPPED


---- training_constraint_unskilled_limit  =L=  training limit for training from unslikked to semi-skilled at year t (1.4.5)

training_constraint_unskilled_limit(0,Unskilled,Unskilled)..  Train(0,Unskilled,Semi-skilled) =L= 200 ; (LHS = 0)
     
training_constraint_unskilled_limit(0,Semi-skilled,Semi-skilled)..  Train(0,Unskilled,Semi-skilled) =L= 200 ; (LHS = 0)
     
training_constraint_unskilled_limit(0,Skilled,Skilled)..  Train(0,Unskilled,Semi-skilled) =L= 200 ; (LHS = 0)
     
REMAINING 9 ENTRIES SKIPPED


---- training_constraint_unskilled_workforce  =L=  workforce limit for training from unslikked to semi-skilled at year t (1.4.5)

training_constraint_unskilled_workforce(0,Unskilled,Unskilled)..  Train(0,Unskilled,Semi-skilled) - W(0,Unskilled) =L= 0 ; (LHS = 0)
     
training_constraint_unskilled_workforce(0,Semi-skilled,Semi-skilled)..  Train(0,Unskilled,Semi-skilled) - W(0,Unskilled) =L= 0 ; (LHS = 0)
     
training_constraint_unskilled_workforce(0,Skilled,Skilled)..  Train(0,Unskilled,Semi-skilled) - W(0,Unskilled) =L= 0 ; (LHS = 0)
     
REMAINING 9 ENTRIES SKIPPED


---- Hiring_constraint_normal  =L=  limit for hiring for skill s at year t (1.4.3)

Hiring_constraint_normal(0,Unskilled)..  H(0,Unskilled) =L= 500 ; (LHS = 0)
     
Hiring_constraint_normal(0,Semi-skilled)..  H(0,Semi-skilled) =L= 800 ; (LHS = 0)
     
Hiring_constraint_normal(0,Skilled)..  H(0,Skilled) =L= 500 ; (LHS = 0)
     
REMAINING 9 ENTRIES SKIPPED


---- Hiring_constraint_part  =L=  limit for part time hiring at year t (1.4.3)

Hiring_constraint_part(0)..  P(0,Unskilled) + P(0,Semi-skilled) + P(0,Skilled) =L= 50 ; (LHS = 0)
     
Hiring_constraint_part(1)..  P(1,Unskilled) + P(1,Semi-skilled) + P(1,Skilled) =L= 50 ; (LHS = 0)
     
Hiring_constraint_part(2)..  P(2,Unskilled) + P(2,Semi-skilled) + P(2,Skilled) =L= 50 ; (LHS = 0)
     
REMAINING ENTRY SKIPPED


---- Hiring_constraint_over  =L=  limit for pver hiring at year t (1.4.3)

Hiring_constraint_over(0)..  O(0,Unskilled) + O(0,Semi-skilled) + O(0,Skilled) =L= 150 ; (LHS = 0)
     
Hiring_constraint_over(1)..  O(1,Unskilled) + O(1,Semi-skilled) + O(1,Skilled) =L= 150 ; (LHS = 0)
     
Hiring_constraint_over(2)..  O(2,Unskilled) + O(2,Semi-skilled) + O(2,Skilled) =L= 150 ; (LHS = 0)
     
REMAINING ENTRY SKIPPED


---- layoff_constraint  =L=  limit for layoff for skill s at year t (1.4.4)

layoff_constraint(0,Unskilled)..  L(0,Unskilled) - W(0,Unskilled) =L= 0 ; (LHS = 0)
     
layoff_constraint(0,Semi-skilled)..  L(0,Semi-skilled) - W(0,Semi-skilled) =L= 0 ; (LHS = 0)
     
layoff_constraint(0,Skilled)..  L(0,Skilled) - W(0,Skilled) =L= 0 ; (LHS = 0)
     
REMAINING 9 ENTRIES SKIPPED


---- training_costs  =E=  cost of training

training_costs..  - Train(0,Unskilled,Semi-skilled) - Train(1,Unskilled,Semi-skilled) - Train(2,Unskilled,Semi-skilled) - Train(3,Unskilled,Semi-skilled) + trainincost =E= 0 ; (LHS = 0)
     

---- parttime_costs  =E=  cost of parttime

parttime_costs..  - 500*P(0,Unskilled) - 400*P(0,Semi-skilled) - 400*P(0,Skilled) - 500*P(1,Unskilled) - 400*P(1,Semi-skilled) - 400*P(1,Skilled) - 500*P(2,Unskilled) - 400*P(2,Semi-skilled) - 400*P(2,Skilled) - 500*P(3,Unskilled) - 400*P(3,Semi-skilled) - 400*P(3,Skilled) + parttimecost =E= 0 ; (LHS = 0)
     

---- layoff_costs  =E=  cost of layoff

layoff_costs..  - 200*L(0,Unskilled) - 500*L(0,Semi-skilled) - 500*L(0,Skilled) - 200*L(1,Unskilled) - 500*L(1,Semi-skilled) - 500*L(1,Skilled) - 200*L(2,Unskilled) - 500*L(2,Semi-skilled) - 500*L(2,Skilled) - 200*L(3,Unskilled) - 500*L(3,Semi-skilled) - 500*L(3,Skilled) + layoffcost =E= 0 ; (LHS = 0)
     

---- overhire_costs  =E=  cost of overhire

overhire_costs..  - 1500*O(0,Unskilled) - 2000*O(0,Semi-skilled) - 3000*O(0,Skilled) - 1500*O(1,Unskilled) - 2000*O(1,Semi-skilled) - 3000*O(1,Skilled) - 1500*O(2,Unskilled) - 2000*O(2,Semi-skilled) - 3000*O(2,Skilled) - 1500*O(3,Unskilled) - 2000*O(3,Semi-skilled) - 3000*O(3,Skilled) + overhiringcost =E= 0 ; (LHS = 0)
     

---- Cost  =E=  objective function of the second part

Cost..  - trainincost - parttimecost - layoffcost - overhiringcost + Z_second =E= 0 ; (LHS = 0)
     

---- layoff  =E=  objective function of the first part

layoff..  - L(0,Unskilled) - L(0,Semi-skilled) - L(0,Skilled) - L(1,Unskilled) - L(1,Semi-skilled) - L(1,Skilled) - L(2,Unskilled) - L(2,Semi-skilled) - L(2,Skilled) - L(3,Unskilled) - L(3,Semi-skilled) - L(3,Skilled) + Z_first =E= 0 ; (LHS = 0)
     
GAMS 42.1.0  cb854401 Feb 1, 2023           WEX-WEI x86 64bit/MS Windows - 02/04/23 23:13:28 Page 4
G e n e r a l   A l g e b r a i c   M o d e l i n g   S y s t e m
Column Listing      SOLVE testmodel Using MIP From line 260


---- H  hiring for skill s at year t

H(0,Unskilled)
                (.LO, .L, .UP, .M = 0, 0, +INF, 0)
       -0.75    State_variable_unskilled(1,Unskilled)
        1       Hiring_constraint_normal(0,Unskilled)

H(0,Semi-skilled)
                (.LO, .L, .UP, .M = 0, 0, +INF, 0)
       -0.8     State_variable_semiskilled(1,Semi-skilled)
        1       Hiring_constraint_normal(0,Semi-skilled)

H(0,Skilled)
                (.LO, .L, .UP, .M = 0, 0, +INF, 0)
       -0.9     State_variable_skilled(1,Skilled)
        1       Hiring_constraint_normal(0,Skilled)

REMAINING 9 ENTRIES SKIPPED

---- P  parttime for skill s at year t

P(0,Unskilled)
                (.LO, .L, .UP, .M = 0, 0, +INF, 0)
       -0.5     Workforce_constraint(0,Unskilled)
        1       Hiring_constraint_part(0)
     -500       parttime_costs

P(0,Semi-skilled)
                (.LO, .L, .UP, .M = 0, 0, +INF, 0)
       -0.5     Workforce_constraint(0,Semi-skilled)
        1       Hiring_constraint_part(0)
     -400       parttime_costs

P(0,Skilled)
                (.LO, .L, .UP, .M = 0, 0, +INF, 0)
       -0.5     Workforce_constraint(0,Skilled)
        1       Hiring_constraint_part(0)
     -400       parttime_costs

REMAINING 9 ENTRIES SKIPPED

---- L  lay off for skill s at year t

L(0,Unskilled)
                (.LO, .L, .UP, .M = 0, 0, +INF, 0)
        1       State_variable_unskilled(1,Unskilled)
        1       layoff_constraint(0,Unskilled)
     -200       layoff_costs
       -1       layoff

L(0,Semi-skilled)
                (.LO, .L, .UP, .M = 0, 0, +INF, 0)
        1       State_variable_semiskilled(1,Semi-skilled)
        1       layoff_constraint(0,Semi-skilled)
     -500       layoff_costs
       -1       layoff

L(0,Skilled)
                (.LO, .L, .UP, .M = 0, 0, +INF, 0)
        1       State_variable_skilled(1,Skilled)
        1       layoff_constraint(0,Skilled)
     -500       layoff_costs
       -1       layoff

REMAINING 9 ENTRIES SKIPPED

---- O  over-hire for skill s at year t

O(0,Unskilled)
                (.LO, .L, .UP, .M = 0, 0, +INF, 0)
       -0.75    State_variable_unskilled(1,Unskilled)
        1       Hiring_constraint_over(0)
    -1500       overhire_costs

O(0,Semi-skilled)
                (.LO, .L, .UP, .M = 0, 0, +INF, 0)
       -0.8     State_variable_semiskilled(1,Semi-skilled)
        1       Hiring_constraint_over(0)
    -2000       overhire_costs

O(0,Skilled)
                (.LO, .L, .UP, .M = 0, 0, +INF, 0)
       -0.9     State_variable_skilled(1,Skilled)
        1       Hiring_constraint_over(0)
    -3000       overhire_costs

REMAINING 9 ENTRIES SKIPPED

---- Train  training from skill s1 to skill s2 at year t

Train(0,Unskilled,Semi-skilled)
                (.LO, .L, .UP, .M = 0, 0, +INF, 0)
        1       State_variable_unskilled(1,Unskilled)
       -1       State_variable_semiskilled(1,Semi-skilled)
       -1       training_constraint_semiskilled_workforce(0,Unskilled,Unskilled)
       -1       training_constraint_semiskilled_workforce(0,Semi-skilled,Semi-skilled)
       -1       training_constraint_semiskilled_workforce(0,Skilled,Skilled)
        1       training_constraint_unskilled_limit(0,Unskilled,Unskilled)
        1       training_constraint_unskilled_limit(0,Semi-skilled,Semi-skilled)
        1       training_constraint_unskilled_limit(0,Skilled,Skilled)
        1       training_constraint_unskilled_workforce(0,Unskilled,Unskilled)
        1       training_constraint_unskilled_workforce(0,Semi-skilled,Semi-skilled)
        1       training_constraint_unskilled_workforce(0,Skilled,Skilled)
       -1       training_costs

Train(0,Semi-skilled,Skilled)
                (.LO, .L, .UP, .M = 0, 0, +INF, 0)
        1       State_variable_semiskilled(1,Semi-skilled)
       -1       State_variable_skilled(1,Skilled)
        1       training_constraint_semiskilled_limit(0,Unskilled,Unskilled)
        1       training_constraint_semiskilled_limit(0,Semi-skilled,Semi-skilled)
        1       training_constraint_semiskilled_limit(0,Skilled,Skilled)
        1       training_constraint_semiskilled_workforce(0,Unskilled,Unskilled)
        1       training_constraint_semiskilled_workforce(0,Semi-skilled,Semi-skilled)
        1       training_constraint_semiskilled_workforce(0,Skilled,Skilled)

Train(1,Unskilled,Semi-skilled)
                (.LO, .L, .UP, .M = 0, 0, +INF, 0)
        1       State_variable_unskilled(2,Unskilled)
       -1       State_variable_semiskilled(2,Semi-skilled)
       -1       training_constraint_semiskilled_workforce(1,Unskilled,Unskilled)
       -1       training_constraint_semiskilled_workforce(1,Semi-skilled,Semi-skilled)
       -1       training_constraint_semiskilled_workforce(1,Skilled,Skilled)
        1       training_constraint_unskilled_limit(1,Unskilled,Unskilled)
        1       training_constraint_unskilled_limit(1,Semi-skilled,Semi-skilled)
        1       training_constraint_unskilled_limit(1,Skilled,Skilled)
        1       training_constraint_unskilled_workforce(1,Unskilled,Unskilled)
        1       training_constraint_unskilled_workforce(1,Semi-skilled,Semi-skilled)
        1       training_constraint_unskilled_workforce(1,Skilled,Skilled)
       -1       training_costs

REMAINING 5 ENTRIES SKIPPED

---- Demote  demoting from skill s1 to skill s2 at year t

Demote(0,Semi-skilled,Unskilled)
                (.LO, .L, .UP, .M = 0, 0, +INF, 0)
       -0.5     State_variable_unskilled(1,Unskilled)
        1       State_variable_semiskilled(1,Semi-skilled)
        1       demote_constraint_semiskilled(0,Unskilled,Unskilled)
        1       demote_constraint_semiskilled(0,Semi-skilled,Semi-skilled)
        1       demote_constraint_semiskilled(0,Skilled,Skilled)

Demote(0,Skilled,Unskilled)
                (.LO, .L, .UP, .M = 0, 0, +INF, 0)
       -0.5     State_variable_unskilled(1,Unskilled)
        1       State_variable_skilled(1,Skilled)
        1       demote_constraint_skilled(0,Unskilled,Unskilled)
        1       demote_constraint_skilled(0,Semi-skilled,Semi-skilled)
        1       demote_constraint_skilled(0,Skilled,Skilled)

Demote(0,Skilled,Semi-skilled)
                (.LO, .L, .UP, .M = 0, 0, +INF, 0)
       -0.5     State_variable_semiskilled(1,Semi-skilled)
        1       State_variable_skilled(1,Skilled)
        1       demote_constraint_skilled(0,Unskilled,Unskilled)
        1       demote_constraint_skilled(0,Semi-skilled,Semi-skilled)
        1       demote_constraint_skilled(0,Skilled,Skilled)

REMAINING 9 ENTRIES SKIPPED

---- W  workforce for skill s at year t

W(0,Unskilled)
                (.LO, .L, .UP, .M = 0, 0, +INF, 0)
        1       Workforce_given(0,Unskilled)
        1       Workforce_given(1,Unskilled)
        1       Workforce_given(2,Unskilled)
        1       Workforce_given(3,Unskilled)
        1       Workforce_constraint(0,Unskilled)
       -0.9     State_variable_unskilled(1,Unskilled)
       -1       training_constraint_unskilled_workforce(0,Unskilled,Unskilled)
       -1       training_constraint_unskilled_workforce(0,Semi-skilled,Semi-skilled)
       -1       training_constraint_unskilled_workforce(0,Skilled,Skilled)
       -1       layoff_constraint(0,Unskilled)

W(0,Semi-skilled)
                (.LO, .L, .UP, .M = 0, 0, +INF, 0)
        1       Workforce_given(0,Semi-skilled)
        1       Workforce_given(1,Semi-skilled)
        1       Workforce_given(2,Semi-skilled)
        1       Workforce_given(3,Semi-skilled)
        1       Workforce_constraint(0,Semi-skilled)
       -0.95    State_variable_semiskilled(1,Semi-skilled)
       -1       demote_constraint_semiskilled(0,Unskilled,Unskilled)
       -1       demote_constraint_semiskilled(0,Semi-skilled,Semi-skilled)
       -1       demote_constraint_semiskilled(0,Skilled,Skilled)
       -1       training_constraint_semiskilled_workforce(0,Unskilled,Unskilled)
       -1       training_constraint_semiskilled_workforce(0,Semi-skilled,Semi-skilled)
       -1       training_constraint_semiskilled_workforce(0,Skilled,Skilled)
       -1       layoff_constraint(0,Semi-skilled)

W(0,Skilled)
                (.LO, .L, .UP, .M = 0, 0, +INF, 0)
        1       Workforce_given(0,Skilled)
        1       Workforce_given(1,Skilled)
        1       Workforce_given(2,Skilled)
        1       Workforce_given(3,Skilled)
        1       Workforce_constraint(0,Skilled)
       -0.95    State_variable_skilled(1,Skilled)
       -1       demote_constraint_skilled(0,Unskilled,Unskilled)
       -1       demote_constraint_skilled(0,Semi-skilled,Semi-skilled)
       -1       demote_constraint_skilled(0,Skilled,Skilled)
       -0.25    training_constraint_semiskilled_limit(0,Unskilled,Unskilled)
       -0.25    training_constraint_semiskilled_limit(0,Semi-skilled,Semi-skilled)
       -0.25    training_constraint_semiskilled_limit(0,Skilled,Skilled)
       -1       layoff_constraint(0,Skilled)

REMAINING 9 ENTRIES SKIPPED

---- Z_first  total lay offs at all years for all skills

Z_first
                (.LO, .L, .UP, .M = -INF, 0, +INF, 0)
        1       layoff


---- trainincost  cost for training

trainincost
                (.LO, .L, .UP, .M = 0, 0, +INF, 0)
        1       training_costs
       -1       Cost


---- parttimecost  cost for assigning workers to parttime work

parttimecost
                (.LO, .L, .UP, .M = 0, 0, +INF, 0)
        1       parttime_costs
       -1       Cost


---- layoffcost  cost for laying off

layoffcost
                (.LO, .L, .UP, .M = 0, 0, +INF, 0)
        1       layoff_costs
       -1       Cost


---- overhiringcost  cost hire more than limit

overhiringcost
                (.LO, .L, .UP, .M = 0, 0, +INF, 0)
        1       overhire_costs
       -1       Cost


---- Z_second  total cost

Z_second
                (.LO, .L, .UP, .M = -INF, 0, +INF, 0)
        1       Cost

GAMS 42.1.0  cb854401 Feb 1, 2023           WEX-WEI x86 64bit/MS Windows - 02/04/23 23:13:28 Page 5
G e n e r a l   A l g e b r a i c   M o d e l i n g   S y s t e m
Range Statistics    SOLVE testmodel Using MIP From line 260


RANGE STATISTICS (ABSOLUTE NON-ZERO FINITE VALUES)

RHS       [min, max] : [ 5.000E+01, 2.500E+03] - Zero values observed as well
Bound     [min, max] : [        NA,        NA] - Zero values observed as well
Matrix    [min, max] : [ 2.500E-01, 3.000E+03]

GAMS 42.1.0  cb854401 Feb 1, 2023           WEX-WEI x86 64bit/MS Windows - 02/04/23 23:13:28 Page 6
G e n e r a l   A l g e b r a i c   M o d e l i n g   S y s t e m
Model Statistics    SOLVE testmodel Using MIP From line 260


MODEL STATISTICS

BLOCKS OF EQUATIONS          21     SINGLE EQUATIONS          143
BLOCKS OF VARIABLES          13     SINGLE VARIABLES           86
NON ZERO ELEMENTS           389     DISCRETE VARIABLES         80


GENERATION TIME      =        0.000 SECONDS      4 MB  42.1.0 cb854401 WEX-WEI
GAMS 42.1.0  cb854401 Feb 1, 2023           WEX-WEI x86 64bit/MS Windows - 02/04/23 23:13:28 Page 7
G e n e r a l   A l g e b r a i c   M o d e l i n g   S y s t e m
Solution Report     SOLVE testmodel Using MIP From line 260


               S O L V E      S U M M A R Y

     MODEL   testmodel           OBJECTIVE  Z_first
     TYPE    MIP                 DIRECTION  MINIMIZE
     SOLVER  CPLEX               FROM LINE  260

**** SOLVER STATUS     1 Normal Completion
**** MODEL STATUS      1 Optimal
**** OBJECTIVE VALUE                0.0000

 RESOURCE USAGE, LIMIT          0.125 10000000000.000
 ITERATION COUNT, LIMIT      2993    2147483647
--- *** This solver runs with a demo license. No commercial use.
--- GMO setup time: 0.00s
--- GMO memory 0.53 Mb (peak 0.53 Mb)
--- Dictionary memory 0.00 Mb
--- Cplex 22.1.1.0 link memory 0.00 Mb (peak 0.02 Mb)
--- Starting Cplex


--- MIP status (101): integer optimal solution.
--- Cplex Time: 0.13sec (det. 57.03 ticks)

--- Fixing integer variables and solving final LP...


--- Fixed MIP status (1): optimal.
--- Cplex Time: 0.00sec (det. 0.11 ticks)


Proven optimal solution
MIP Solution:            0.000000    (2993 iterations, 1368 nodes)
Final Solve:             0.000000    (0 iterations)

Best possible:           0.000000
Absolute gap:            0.000000
Relative gap:            0.000000


---- EQU Workforce_given  limit for given workforce for skill s at year 0 (1.4.1)

                      LOWER          LEVEL          UPPER         MARGINAL

0.Unskilled         2000.0000      2000.0000      2000.0000          .          
0.Semi-skilled      1500.0000      1500.0000      1500.0000          .          
0.Skilled           1000.0000      1000.0000      1000.0000          .          
1.Unskilled         2000.0000      2000.0000      2000.0000          .          
1.Semi-skilled      1500.0000      1500.0000      1500.0000          .          
1.Skilled           1000.0000      1000.0000      1000.0000          .          
2.Unskilled         2000.0000      2000.0000      2000.0000          .          
2.Semi-skilled      1500.0000      1500.0000      1500.0000          .          
2.Skilled           1000.0000      1000.0000      1000.0000          .          
3.Unskilled         2000.0000      2000.0000      2000.0000          .          
3.Semi-skilled      1500.0000      1500.0000      1500.0000          .          
3.Skilled           1000.0000      1000.0000      1000.0000          .          

---- EQU Workforce_constraint  limit for workforce for skill s at year t (1.4.1)

                      LOWER          LEVEL          UPPER         MARGINAL

0.Unskilled             .          2000.0000        +INF             .          
0.Semi-skilled          .          1500.0000        +INF             .          
0.Skilled               .          1000.0000        +INF             .          
1.Unskilled         1000.0000      1695.0000        +INF             .          
1.Semi-skilled      1400.0000      1400.0000        +INF             .          
1.Skilled           1000.0000      1000.0000        +INF             .          
2.Unskilled          500.0000      1360.0000        +INF             .          
2.Semi-skilled      2000.0000      2000.0000        +INF             .          
2.Skilled           1500.0000      1500.0000        +INF             .          
3.Unskilled             .          1230.0000        +INF             .          
3.Semi-skilled      2500.0000      2540.0000        +INF             .          
3.Skilled           2000.0000      2001.0000        +INF             .          

---- EQU State_variable_unskilled  state of workforce for skill s at year t (1.4.2)

                   LOWER          LEVEL          UPPER         MARGINAL

1.Unskilled          .              .              .              .          
2.Unskilled          .              .              .              .          
3.Unskilled          .              .              .              .          

---- EQU State_variable_semiskilled  state of workforce for skill s at year t (1.4.2)

                      LOWER          LEVEL          UPPER         MARGINAL

1.Semi-skilled          .              .              .              .          
2.Semi-skilled          .              .              .              .          
3.Semi-skilled          .              .              .              .          

---- EQU State_variable_skilled  state of workforce for skill s at year t (1.4.2)

                 LOWER          LEVEL          UPPER         MARGINAL

1.Skilled          .              .              .              .          
2.Skilled          .              .              .              .          
3.Skilled          .       -4.54747E-13          .              .          

---- EQU demote_constraint_semiskilled  limit for demote from semiskikk at year t (1.4.6)

                                   LOWER          LEVEL          UPPER         MARGINAL

0.Unskilled   .Unskilled           -INF        -1316.0000          .              .          
0.Semi-skilled.Semi-skilled        -INF        -1316.0000          .              .          
0.Skilled     .Skilled             -INF        -1316.0000          .              .          
1.Unskilled   .Unskilled           -INF        -1400.0000          .              .          
1.Semi-skilled.Semi-skilled        -INF        -1400.0000          .              .          
1.Skilled     .Skilled             -INF        -1400.0000          .              .          
2.Unskilled   .Unskilled           -INF        -2000.0000          .              .          
2.Semi-skilled.Semi-skilled        -INF        -2000.0000          .              .          
2.Skilled     .Skilled             -INF        -2000.0000          .              .          
3.Unskilled   .Unskilled           -INF        -2540.0000          .              .          
3.Semi-skilled.Semi-skilled        -INF        -2540.0000          .              .          
3.Skilled     .Skilled             -INF        -2540.0000          .              .          

---- EQU demote_constraint_skilled  limit for demote from skilled at year t (1.4.6)

                                   LOWER          LEVEL          UPPER         MARGINAL

0.Unskilled   .Unskilled           -INF        -1000.0000          .              .          
0.Semi-skilled.Semi-skilled        -INF        -1000.0000          .              .          
0.Skilled     .Skilled             -INF        -1000.0000          .              .          
1.Unskilled   .Unskilled           -INF        -1000.0000          .              .          
1.Semi-skilled.Semi-skilled        -INF        -1000.0000          .              .          
1.Skilled     .Skilled             -INF        -1000.0000          .              .          
2.Unskilled   .Unskilled           -INF        -1500.0000          .              .          
2.Semi-skilled.Semi-skilled        -INF        -1500.0000          .              .          
2.Skilled     .Skilled             -INF        -1500.0000          .              .          
3.Unskilled   .Unskilled           -INF        -2001.0000          .              .          
3.Semi-skilled.Semi-skilled        -INF        -2001.0000          .              .          
3.Skilled     .Skilled             -INF        -2001.0000          .              .          

---- EQU training_constraint_semiskilled_limit  training limit for training from semiskilled to skilled at year t (1.4.5)

                                   LOWER          LEVEL          UPPER         MARGINAL

0.Unskilled   .Unskilled           -INF         -209.0000          .              .          
0.Semi-skilled.Semi-skilled        -INF         -209.0000          .              .          
0.Skilled     .Skilled             -INF         -209.0000          .              .          
1.Unskilled   .Unskilled           -INF         -240.0000          .              .          
1.Semi-skilled.Semi-skilled        -INF         -240.0000          .              .          
1.Skilled     .Skilled             -INF         -240.0000          .              .          
2.Unskilled   .Unskilled           -INF         -375.0000          .              .          
2.Semi-skilled.Semi-skilled        -INF         -375.0000          .              .          
2.Skilled     .Skilled             -INF         -375.0000          .              .          
3.Unskilled   .Unskilled           -INF         -500.2500          .              .          
3.Semi-skilled.Semi-skilled        -INF         -500.2500          .              .          
3.Skilled     .Skilled             -INF         -500.2500          .              .          

---- EQU training_constraint_semiskilled_workforce  workforce limit for training from semiskilled to skilled at year t (1.4.5)

                                   LOWER          LEVEL          UPPER         MARGINAL

0.Unskilled   .Unskilled           -INF        -1659.0000          .              .          
0.Semi-skilled.Semi-skilled        -INF        -1659.0000          .              .          
0.Skilled     .Skilled             -INF        -1659.0000          .              .          
1.Unskilled   .Unskilled           -INF        -1590.0000          .              .          
1.Semi-skilled.Semi-skilled        -INF        -1590.0000          .              .          
1.Skilled     .Skilled             -INF        -1590.0000          .              .          
2.Unskilled   .Unskilled           -INF        -2000.0000          .              .          
2.Semi-skilled.Semi-skilled        -INF        -2000.0000          .              .          
2.Skilled     .Skilled             -INF        -2000.0000          .              .          
3.Unskilled   .Unskilled           -INF        -2540.0000          .              .          
3.Semi-skilled.Semi-skilled        -INF        -2540.0000          .              .          
3.Skilled     .Skilled             -INF        -2540.0000          .              .          

---- EQU training_constraint_unskilled_limit  training limit for training from unslikked to semi-skilled at year t (1.4.5)

                                   LOWER          LEVEL          UPPER         MARGINAL

0.Unskilled   .Unskilled           -INF          200.0000       200.0000          .          
0.Semi-skilled.Semi-skilled        -INF          200.0000       200.0000          .          
0.Skilled     .Skilled             -INF          200.0000       200.0000          .          
1.Unskilled   .Unskilled           -INF          200.0000       200.0000          .          
1.Semi-skilled.Semi-skilled        -INF          200.0000       200.0000          .          
1.Skilled     .Skilled             -INF          200.0000       200.0000          .          
2.Unskilled   .Unskilled           -INF             .           200.0000          .          
2.Semi-skilled.Semi-skilled        -INF             .           200.0000          .          
2.Skilled     .Skilled             -INF             .           200.0000          .          
3.Unskilled   .Unskilled           -INF             .           200.0000          .          
3.Semi-skilled.Semi-skilled        -INF             .           200.0000          .          
3.Skilled     .Skilled             -INF             .           200.0000          .          

---- EQU training_constraint_unskilled_workforce  workforce limit for training from unslikked to semi-skilled at year t (1.4.5)

                                   LOWER          LEVEL          UPPER         MARGINAL

0.Unskilled   .Unskilled           -INF        -1800.0000          .              .          
0.Semi-skilled.Semi-skilled        -INF        -1800.0000          .              .          
0.Skilled     .Skilled             -INF        -1800.0000          .              .          
1.Unskilled   .Unskilled           -INF        -1495.0000          .              .          
1.Semi-skilled.Semi-skilled        -INF        -1495.0000          .              .          
1.Skilled     .Skilled             -INF        -1495.0000          .              .          
2.Unskilled   .Unskilled           -INF        -1360.0000          .              .          
2.Semi-skilled.Semi-skilled        -INF        -1360.0000          .              .          
2.Skilled     .Skilled             -INF        -1360.0000          .              .          
3.Unskilled   .Unskilled           -INF        -1230.0000          .              .          
3.Semi-skilled.Semi-skilled        -INF        -1230.0000          .              .          
3.Skilled     .Skilled             -INF        -1230.0000          .              .          

---- EQU Hiring_constraint_normal  limit for hiring for skill s at year t (1.4.3)

                      LOWER          LEVEL          UPPER         MARGINAL

0.Unskilled           -INF             .           500.0000          .          
0.Semi-skilled        -INF             .           800.0000          .          
0.Skilled             -INF           10.0000       500.0000          .          
1.Unskilled           -INF           46.0000       500.0000          .          
1.Semi-skilled        -INF          600.0000       800.0000          .          
1.Skilled             -INF          500.0000       500.0000          .          
2.Unskilled           -INF             .           500.0000          .          
2.Semi-skilled        -INF          800.0000       800.0000          .          
2.Skilled             -INF          500.0000       500.0000          .          
3.Unskilled           -INF             .           500.0000          .          
3.Semi-skilled        -INF             .           800.0000          .          
3.Skilled             -INF             .           500.0000          .          

---- EQU Hiring_constraint_part  limit for part time hiring at year t (1.4.3)

         LOWER          LEVEL          UPPER         MARGINAL

0        -INF             .            50.0000          .          
1        -INF             .            50.0000          .          
2        -INF             .            50.0000          .          
3        -INF             .            50.0000          .          

---- EQU Hiring_constraint_over  limit for pver hiring at year t (1.4.3)

         LOWER          LEVEL          UPPER         MARGINAL

0        -INF            4.0000       150.0000          .          
1        -INF          100.0000       150.0000          .          
2        -INF          148.0000       150.0000          .          
3        -INF             .           150.0000          .          

---- EQU layoff_constraint  limit for layoff for skill s at year t (1.4.4)

                      LOWER          LEVEL          UPPER         MARGINAL

0.Unskilled           -INF        -2000.0000          .              .          
0.Semi-skilled        -INF        -1500.0000          .              .          
0.Skilled             -INF        -1000.0000          .              .          
1.Unskilled           -INF        -1695.0000          .              .          
1.Semi-skilled        -INF        -1400.0000          .              .          
1.Skilled             -INF        -1000.0000          .              .          
2.Unskilled           -INF        -1360.0000          .              .          
2.Semi-skilled        -INF        -2000.0000          .              .          
2.Skilled             -INF        -1500.0000          .              .          
3.Unskilled           -INF        -1230.0000          .              .          
3.Semi-skilled        -INF        -2540.0000          .              .          
3.Skilled             -INF        -2001.0000          .              .          

                           LOWER          LEVEL          UPPER         MARGINAL

---- EQU training_~          .              .              .             EPS         
---- EQU parttime_~          .              .              .              .          
---- EQU layoff_co~          .              .              .              .          
---- EQU overhire_~          .              .              .             EPS         
---- EQU Cost                .              .              .             EPS         
---- EQU layoff              .              .              .             1.0000      

  training_costs  cost of training
  parttime_costs  cost of parttime
  layoff_costs  cost of layoff
  overhire_costs  cost of overhire
  Cost  objective function of the second part
  layoff  objective function of the first part

---- VAR H  hiring for skill s at year t

                      LOWER          LEVEL          UPPER         MARGINAL

0.Unskilled             .              .            +INF            EPS         
0.Semi-skilled          .              .            +INF            EPS         
0.Skilled               .            10.0000        +INF            EPS         
1.Unskilled             .            46.0000        +INF            EPS         
1.Semi-skilled          .           600.0000        +INF            EPS         
1.Skilled               .           500.0000        +INF            EPS         
2.Unskilled             .              .            +INF            EPS         
2.Semi-skilled          .           800.0000        +INF            EPS         
2.Skilled               .           500.0000        +INF            EPS         
3.Unskilled             .              .            +INF            EPS         
3.Semi-skilled          .              .            +INF            EPS         
3.Skilled               .              .            +INF            EPS         

---- VAR P  parttime for skill s at year t

                      LOWER          LEVEL          UPPER         MARGINAL

0.Unskilled             .              .            +INF            EPS         
0.Semi-skilled          .              .            +INF            EPS         
0.Skilled               .              .            +INF            EPS         
1.Unskilled             .              .            +INF            EPS         
1.Semi-skilled          .              .            +INF            EPS         
1.Skilled               .              .            +INF            EPS         
2.Unskilled             .              .            +INF            EPS         
2.Semi-skilled          .              .            +INF            EPS         
2.Skilled               .              .            +INF            EPS         
3.Unskilled             .              .            +INF            EPS         
3.Semi-skilled          .              .            +INF            EPS         
3.Skilled               .              .            +INF            EPS         

---- VAR L  lay off for skill s at year t

                      LOWER          LEVEL          UPPER         MARGINAL

0.Unskilled             .              .            +INF            1.0000      
0.Semi-skilled          .              .            +INF            1.0000      
0.Skilled               .              .            +INF            1.0000      
1.Unskilled             .              .            +INF            1.0000      
1.Semi-skilled          .              .            +INF            1.0000      
1.Skilled               .              .            +INF            1.0000      
2.Unskilled             .              .            +INF            1.0000      
2.Semi-skilled          .              .            +INF            1.0000      
2.Skilled               .              .            +INF            1.0000      
3.Unskilled             .              .            +INF            1.0000      
3.Semi-skilled          .              .            +INF            1.0000      
3.Skilled               .              .            +INF            1.0000      

---- VAR O  over-hire for skill s at year t

                      LOWER          LEVEL          UPPER         MARGINAL

0.Unskilled             .             4.0000        +INF            EPS         
0.Semi-skilled          .              .            +INF            EPS         
0.Skilled               .              .            +INF            EPS         
1.Unskilled             .              .            +INF            EPS         
1.Semi-skilled          .              .            +INF            EPS         
1.Skilled               .           100.0000        +INF            EPS         
2.Unskilled             .             8.0000        +INF            EPS         
2.Semi-skilled          .              .            +INF            EPS         
2.Skilled               .           140.0000        +INF            EPS         
3.Unskilled             .              .            +INF            EPS         
3.Semi-skilled          .              .            +INF            EPS         
3.Skilled               .              .            +INF            EPS         

---- VAR Train  training from skill s1 to skill s2 at year t

                                   LOWER          LEVEL          UPPER         MARGINAL

0.Unskilled   .Semi-skilled          .           200.0000        +INF            EPS         
0.Semi-skilled.Skilled               .            41.0000        +INF            EPS         
1.Unskilled   .Semi-skilled          .           200.0000        +INF            EPS         
1.Semi-skilled.Skilled               .            10.0000        +INF            EPS         
2.Unskilled   .Semi-skilled          .              .            +INF            EPS         
2.Semi-skilled.Skilled               .              .            +INF            EPS         
3.Unskilled   .Semi-skilled          .              .            +INF            EPS         
3.Semi-skilled.Skilled               .              .            +INF            EPS         

---- VAR Demote  demoting from skill s1 to skill s2 at year t

                                   LOWER          LEVEL          UPPER         MARGINAL

0.Semi-skilled.Unskilled             .           184.0000        +INF            EPS         
0.Skilled     .Unskilled             .              .            +INF            EPS         
0.Skilled     .Semi-skilled          .              .            +INF            EPS         
1.Semi-skilled.Unskilled             .              .            +INF            EPS         
1.Skilled     .Unskilled             .              .            +INF            EPS         
1.Skilled     .Semi-skilled          .              .            +INF            EPS         
2.Semi-skilled.Unskilled             .              .            +INF            EPS         
2.Skilled     .Unskilled             .              .            +INF            EPS         
2.Skilled     .Semi-skilled          .              .            +INF            EPS         
3.Semi-skilled.Unskilled             .              .            +INF            EPS         
3.Skilled     .Unskilled             .              .            +INF            EPS         
3.Skilled     .Semi-skilled          .              .            +INF            EPS         

---- VAR W  workforce for skill s at year t

                      LOWER          LEVEL          UPPER         MARGINAL

0.Unskilled             .          2000.0000        +INF            EPS         
0.Semi-skilled          .          1500.0000        +INF            EPS         
0.Skilled               .          1000.0000        +INF            EPS         
1.Unskilled             .          1695.0000        +INF            EPS         
1.Semi-skilled          .          1400.0000        +INF            EPS         
1.Skilled               .          1000.0000        +INF            EPS         
2.Unskilled             .          1360.0000        +INF            EPS         
2.Semi-skilled          .          2000.0000        +INF            EPS         
2.Skilled               .          1500.0000        +INF            EPS         
3.Unskilled             .          1230.0000        +INF            EPS         
3.Semi-skilled          .          2540.0000        +INF            EPS         
3.Skilled               .          2001.0000        +INF            EPS         

                           LOWER          LEVEL          UPPER         MARGINAL

---- VAR Z_first           -INF             .            +INF             .          
---- VAR traininco~          .           400.0000        +INF             .          
---- VAR parttimec~          .              .            +INF            EPS         
---- VAR layoffcost          .              .            +INF            EPS         
---- VAR overhirin~          .        738000.0000        +INF             .          
---- VAR Z_second          -INF       738400.0000        +INF             .          

  Z_first  total lay offs at all years for all skills
  trainincost  cost for training
  parttimecost  cost for assigning workers to parttime work
  layoffcost  cost for laying off
  overhiringcost  cost hire more than limit
  Z_second  total cost


**** REPORT SUMMARY :        0     NONOPT
                             0 INFEASIBLE
                             0  UNBOUNDED
GAMS 42.1.0  cb854401 Feb 1, 2023           WEX-WEI x86 64bit/MS Windows - 02/04/23 23:13:28 Page 8
G e n e r a l   A l g e b r a i c   M o d e l i n g   S y s t e m
E x e c u t i o n


----    262 PARAMETER demand_table  

    Unskilled  Semi-skil~     Skilled

0    2000.000    1500.000    1000.000
1    1000.000    1400.000    1000.000
2     500.000    2000.000    1500.000
3                2500.000    2000.000


----    263 PARAMETER churn_table  

              Unskilled  Semi-skil~     Skilled

New              25.000      20.000      10.000
Experienced      10.000       5.000       5.000


----    265 PARAMETER hiring_limit  

Unskilled    500.000,    Semi-skilled 800.000,    Skilled      500.000


----    267 PARAMETER training_limit  

fixed 200.000


----    268 PARAMETER training_theshold  

fixed 0.250


----    270 PARAMETER overhiring_limit  

fixed 150.000


----    271 PARAMETER parttime_limit  

fixed 50.000


----    273 PARAMETER over_hiring_cost  

Unskilled    1500.000,    Semi-skilled 2000.000,    Skilled      3000.000


----    274 PARAMETER parttime_cost  

Unskilled    500.000,    Semi-skilled 400.000,    Skilled      400.000


----    278 VARIABLE W.L  workforce for skill s at year t

    Unskilled  Semi-skil~     Skilled

0    2000.000    1500.000    1000.000
1    1695.000    1400.000    1000.000
2    1360.000    2000.000    1500.000
3    1230.000    2540.000    2001.000


----    281 VARIABLE H.L  hiring for skill s at year t

    Unskilled  Semi-skil~     Skilled

0         EPS         EPS      10.000
1      46.000     600.000     500.000
2         EPS     800.000     500.000
3         EPS         EPS         EPS


----    284 VARIABLE O.L  over-hire for skill s at year t

    Unskilled  Semi-skil~     Skilled

0       4.000         EPS         EPS
1         EPS         EPS     100.000
2       8.000         EPS     140.000
3         EPS         EPS         EPS


----    287 VARIABLE L.L  lay off for skill s at year t

    Unskilled  Semi-skil~     Skilled

0         EPS         EPS         EPS
1         EPS         EPS         EPS
2         EPS         EPS         EPS
3         EPS         EPS         EPS


----    290 VARIABLE Train.L  training from skill s1 to skill s2 at year t

                 Unskilled  Semi-skil~     Skilled

0.Unskilled            EPS     200.000
0.Semi-skilled                     EPS      41.000
0.Skilled                                      EPS
1.Unskilled            EPS     200.000
1.Semi-skilled                     EPS      10.000
1.Skilled                                      EPS
2.Unskilled            EPS
2.Semi-skilled                     EPS
2.Skilled                                      EPS
3.Unskilled            EPS
3.Semi-skilled                     EPS
3.Skilled                                      EPS


----    293 VARIABLE Demote.L  demoting from skill s1 to skill s2 at year t

                 Unskilled  Semi-skil~     Skilled

0.Unskilled            EPS
0.Semi-skilled     184.000         EPS
0.Skilled                                      EPS
1.Unskilled            EPS
1.Semi-skilled                     EPS
1.Skilled                                      EPS
2.Unskilled            EPS
2.Semi-skilled                     EPS
2.Skilled                                      EPS
3.Unskilled            EPS
3.Semi-skilled                     EPS
3.Skilled                                      EPS


----    296 VARIABLE P.L  parttime for skill s at year t

    Unskilled  Semi-skil~     Skilled

0         EPS         EPS         EPS
1         EPS         EPS         EPS
2         EPS         EPS         EPS
3         EPS         EPS         EPS


----    298 VARIABLE trainincost.L         =      400.000  cost for training

----    299 VARIABLE parttimecost.L        =        0.000  cost for assigning workers to parttime work

----    300 VARIABLE layoffcost.L          =        0.000  cost for laying off

----    301 VARIABLE overhiringcost.L      =   738000.000  cost hire more than limit

----    302 VARIABLE Z_second.L            =   738400.000  total cost


EXECUTION TIME       =       10.985 SECONDS      4 MB  42.1.0 cb854401 WEX-WEI


USER: GAMS Demo license for Mohsen Hosseini          G230203|0002CO-GEN
      Sharif, Indonesia                                        DL084616


**** FILE SUMMARY

Input      D:\University\Semester 7\Operation Research 2\Project\Answer\Phase2-answer\new1.gms
Output     D:\University\Semester 7\Operation Research 2\Project\Answer\Phase2-answer\new1.lst
