GAMS 42.1.0  cb854401 Feb 1, 2023           WEX-WEI x86 64bit/MS Windows - 02/04/23 11:47:12 Page 1
G e n e r a l   A l g e b r a i c   M o d e l i n g   S y s t e m
C o m p i l a t i o n


   1  * Phase 2 of OR2 Prject
   2  * Author: Mohsen Hosseini
   3   
   4  * first we define the indices
   5  sets
   6  t years /0, 1, 2, 3/
   7  s skills /Unskilled, Semi-skilled, Skilled/
   8  e experience level /New, Experienced/
   9  ;
  10  Alias(s, s1);
  11  Alias(s, s2);
  12   
  13   
  14  Parameter demand_table(t,s)
GDXIN   D:\University\Semester 7\Operation Research 2\Project\Answer\Phase2-answer\Pahse2_Data_OR2.gdx
--- LOAD  demand_table = 1:demand_table
  18  ;
  19   
  20  Parameter churn_table(e,s)
GDXIN   D:\University\Semester 7\Operation Research 2\Project\Answer\Phase2-answer\Pahse2_Data_OR2.gdx
--- LOAD  churn_table = 1:churn_table
  24  ;
  25   
  26   
  27  Parameter hiring_limit(s)
GDXIN   D:\University\Semester 7\Operation Research 2\Project\Answer\Phase2-answer\Pahse2_Data_OR2.gdx
--- LOAD  hiring_limit = 1:hiring_limit
  31  ;
  32   
  33  Parameter training_limit
GDXIN   D:\University\Semester 7\Operation Research 2\Project\Answer\Phase2-answer\Pahse2_Data_OR2.gdx
--- LOAD  training_limit = 1:training_limit
  37  ;
  38   
  39  Parameter training_theshold
GDXIN   D:\University\Semester 7\Operation Research 2\Project\Answer\Phase2-answer\Pahse2_Data_OR2.gdx
--- LOAD  training_theshold = 1:training_theshold
  43  ;
  44   
  45  Parameter over_hiring_cost(s)
GDXIN   D:\University\Semester 7\Operation Research 2\Project\Answer\Phase2-answer\Pahse2_Data_OR2.gdx
--- LOAD  over_hiring_cost = 1:over_hiring_cost
  49  ;
  50   
  51  Parameter overhiring_limit
GDXIN   D:\University\Semester 7\Operation Research 2\Project\Answer\Phase2-answer\Pahse2_Data_OR2.gdx
--- LOAD  overhiring_limit = 1:overhiring_limit
  55  ;
  56   
  57  Parameter parttime_cost(s)
GDXIN   D:\University\Semester 7\Operation Research 2\Project\Answer\Phase2-answer\Pahse2_Data_OR2.gdx
--- LOAD  parttime_cost = 1:parttime_cost
  61  ;
  62   
  63  Parameter parttime_limit
GDXIN   D:\University\Semester 7\Operation Research 2\Project\Answer\Phase2-answer\Pahse2_Data_OR2.gdx
--- LOAD  parttime_limit = 1:parttime_limit
  67  ;
  68   
  69  variables
  70  H(t, s) hiring for skill s at year t
  71  P(t, s) parttime for skill s at year t
  72  L(t, s) lay off for skill s at year t
  73  O(t, s) over-hire for skill s at year t
  74  Train(t, s, s) training from skill s1 to skill s2 at year t
  75  z sum of x values
  76  ;
  77   
  78   
  79  Equations
  80  equalconts(t, s) just make those two equal
  81  test test_variables;
  82   
  83   
  84   
  85  test.. z=e=sum((t, s), x(t, s));
****                         $140
**** 140  Unknown symbol
  86  equalconts(t, s).. x(t, s)=e= demand_table(t, s)
  87   
  88   
  89  model testmodel /all/;
  90  solve testmodel using lp minimizing z;
****                                       $257
**** 257  Solve statement not checked because of previous errors
  91  display x.l;
  92   
  93   

**** 2 ERROR(S)   0 WARNING(S)
GAMS 42.1.0  cb854401 Feb 1, 2023           WEX-WEI x86 64bit/MS Windows - 02/04/23 11:47:12 Page 2
G e n e r a l   A l g e b r a i c   M o d e l i n g   S y s t e m
Include File Summary


   SEQ   GLOBAL TYPE      PARENT   LOCAL  FILENAME

     1        1 INPUT          0       0  D:\University\Semester 7\Operation Research 2\Project\Answer\Phase2-answer\new1.gms
     2       15 CALL           1      15  gdxxrw.exe Pahse2_Data_OR2.xlsx par=demand_table rng=D!B2:E6 rdim=1 cdim=1
     3       16 GDXIN          1      16  D:\University\Semester 7\Operation Research 2\Project\Answer\Phase2-answer\Pahse2_Data_OR2.gdx
     4       21 CALL           1      21  gdxxrw.exe Pahse2_Data_OR2.xlsx par=churn_table rng=W!B2:E4 rdim=1 cdim=1
     5       22 GDXIN          1      22  D:\University\Semester 7\Operation Research 2\Project\Answer\Phase2-answer\Pahse2_Data_OR2.gdx
     6       28 CALL           1      28  gdxxrw.exe Pahse2_Data_OR2.xlsx par=hiring_limit rng=R!C2:E3 cdim=1
     7       29 GDXIN          1      29  D:\University\Semester 7\Operation Research 2\Project\Answer\Phase2-answer\Pahse2_Data_OR2.gdx
     8       34 CALL           1      34  gdxxrw.exe Pahse2_Data_OR2.xlsx par=training_limit rng=T!E5
     9       35 GDXIN          1      35  D:\University\Semester 7\Operation Research 2\Project\Answer\Phase2-answer\Pahse2_Data_OR2.gdx
    10       40 CALL           1      40  gdxxrw.exe Pahse2_Data_OR2.xlsx par=training_theshold rng=T!E6
    11       41 GDXIN          1      41  D:\University\Semester 7\Operation Research 2\Project\Answer\Phase2-answer\Pahse2_Data_OR2.gdx
    12       46 CALL           1      46  gdxxrw.exe Pahse2_Data_OR2.xlsx par=over_hiring_cost rng=O!C2:E3 cdim=1
    13       47 GDXIN          1      47  D:\University\Semester 7\Operation Research 2\Project\Answer\Phase2-answer\Pahse2_Data_OR2.gdx
    14       52 CALL           1      52  gdxxrw.exe Pahse2_Data_OR2.xlsx par=overhiring_limit rng=O!C6
    15       53 GDXIN          1      53  D:\University\Semester 7\Operation Research 2\Project\Answer\Phase2-answer\Pahse2_Data_OR2.gdx
    16       58 CALL           1      58  gdxxrw.exe Pahse2_Data_OR2.xlsx par=parttime_cost rng=S!C2:E3 cdim=1
    17       59 GDXIN          1      59  D:\University\Semester 7\Operation Research 2\Project\Answer\Phase2-answer\Pahse2_Data_OR2.gdx
    18       64 CALL           1      64  gdxxrw.exe Pahse2_Data_OR2.xlsx par=parttime_limit rng=S!C5
    19       65 GDXIN          1      65  D:\University\Semester 7\Operation Research 2\Project\Answer\Phase2-answer\Pahse2_Data_OR2.gdx


COMPILATION TIME     =        5.187 SECONDS      3 MB  42.1.0 cb854401 WEX-WEI


USER: GAMS Demo license for Mohsen Hosseini          G230203|0002CO-GEN
      Sharif, Indonesia                                        DL084616


**** FILE SUMMARY

Input      D:\University\Semester 7\Operation Research 2\Project\Answer\Phase2-answer\new1.gms
Output     D:\University\Semester 7\Operation Research 2\Project\Answer\Phase2-answer\new1.lst

**** USER ERROR(S) ENCOUNTERED
